Last login: Tue Aug 30 16:12:51 on ttys000
kimsy-iMac:~ kimsoyoun$ ssh cloud-user@10.0.4.244
The authenticity of host '10.0.4.244 (10.0.4.244)' can't be established.
ECDSA key fingerprint is SHA256:90aEL0KEwfJO/xeq+bySMsEs4h+OXqz56aYhR0w+uYs.
Are you sure you want to continue connecting (yes/no)? yes
Warning: Permanently added '10.0.4.244' (ECDSA) to the list of known hosts.
cloud-user@10.0.4.244's password: 
Last failed login: Tue Aug 30 02:41:35 EDT 2016 from 10.0.4.242 on ssh:notty
There was 1 failed login attempt since the last successful login.
[cloud-user@kubernetes-worker-2 ~]$ ls
docker
[cloud-user@kubernetes-worker-2 ~]$ ls -al
합계 20
drwx------. 5 cloud-user cloud-user 4096  8월 30 02:40 .
drwxr-xr-x. 3 root       root         23  8월 30 02:37 ..
-rw-r--r--. 1 cloud-user cloud-user   18  7월  8  2015 .bash_logout
-rw-r--r--. 1 cloud-user cloud-user  193  7월  8  2015 .bash_profile
-rw-r--r--. 1 cloud-user cloud-user  231  7월  8  2015 .bashrc
drwxrwxr-x. 3 cloud-user cloud-user   63  8월 30 02:41 .docker
drwx------. 2 cloud-user cloud-user   28  8월 30 02:37 .ssh
drwxrwxr-x. 2 cloud-user cloud-user 4096  8월 30 02:40 docker
[cloud-user@kubernetes-worker-2 ~]$ cd docker
[cloud-user@kubernetes-worker-2 docker]$ ls -al
합계 19604
drwxrwxr-x. 2 cloud-user cloud-user     4096  8월 30 02:40 .
drwx------. 5 cloud-user cloud-user     4096  8월 30 02:40 ..
-r--------. 1 cloud-user cloud-user     3326  8월 30 02:40 ca-key.pem
-r--r--r--. 1 cloud-user cloud-user     1968  8월 30 02:40 ca.pem
-rw-rw-r--. 1 cloud-user cloud-user       17  8월 30 02:40 ca.srl
-r--r--r--. 1 cloud-user cloud-user     1797  8월 30 02:40 cert.pem
-rw-rw-r--. 1 cloud-user cloud-user 19891396  8월 30 02:40 docker-engine-1.12.0-1.el7.centos.x86_64.rpm
-rw-rw-r--. 1 cloud-user cloud-user    28860  8월 30 02:40 docker-engine-selinux-1.12.1-1.el7.centos.noarch.rpm
-rw-rw-r--. 1 cloud-user cloud-user       30  8월 30 02:40 extfile.cnf
-r--------. 1 cloud-user cloud-user     3243  8월 30 02:40 key.pem
-rw-rw-r--. 1 cloud-user cloud-user    50572  8월 30 02:40 libseccomp-2.2.1-1.el7.x86_64.rpm
-rw-rw-r--. 1 cloud-user cloud-user    49852  8월 30 02:40 libtool-ltdl-2.4.2-20.el7.x86_64.rpm
-r--r--r--. 1 cloud-user cloud-user     1793  8월 30 02:40 server-cert.pem
-r--------. 1 cloud-user cloud-user     3243  8월 30 02:40 server-key.pem
[cloud-user@kubernetes-worker-2 docker]$ cd
[cloud-user@kubernetes-worker-2 ~]$ cd docker/
[cloud-user@kubernetes-worker-2 docker]$ rm ca-key.pem 
rm: remove write-protected 일반 파일 `ca-key.pem'? y
[cloud-user@kubernetes-worker-2 docker]$ rm -r ca.pem 
rm: remove write-protected 일반 파일 `ca.pem'? y
[cloud-user@kubernetes-worker-2 docker]$ rm -f cert.pem
[cloud-user@kubernetes-worker-2 docker]$ rm -f key.pem
[cloud-user@kubernetes-worker-2 docker]$ rm -f server-cert.pem 
[cloud-user@kubernetes-worker-2 docker]$ rm -f server-key.pem 
[cloud-user@kubernetes-worker-2 docker]$ ls
ca.srl
docker-engine-1.12.0-1.el7.centos.x86_64.rpm
docker-engine-selinux-1.12.1-1.el7.centos.noarch.rpm
extfile.cnf
libseccomp-2.2.1-1.el7.x86_64.rpm
libtool-ltdl-2.4.2-20.el7.x86_64.rpm
[cloud-user@kubernetes-worker-2 docker]$ ls -al
합계 19580
drwxrwxr-x. 2 cloud-user cloud-user     4096  8월 30 03:15 .
drwx------. 5 cloud-user cloud-user     4096  8월 30 02:40 ..
-rw-rw-r--. 1 cloud-user cloud-user       17  8월 30 02:40 ca.srl
-rw-rw-r--. 1 cloud-user cloud-user 19891396  8월 30 02:40 docker-engine-1.12.0-1.el7.centos.x86_64.rpm
-rw-rw-r--. 1 cloud-user cloud-user    28860  8월 30 02:40 docker-engine-selinux-1.12.1-1.el7.centos.noarch.rpm
-rw-rw-r--. 1 cloud-user cloud-user       30  8월 30 02:40 extfile.cnf
-rw-rw-r--. 1 cloud-user cloud-user    50572  8월 30 02:40 libseccomp-2.2.1-1.el7.x86_64.rpm
-rw-rw-r--. 1 cloud-user cloud-user    49852  8월 30 02:40 libtool-ltdl-2.4.2-20.el7.x86_64.rpm
[cloud-user@kubernetes-worker-2 docker]$ cd
[cloud-user@kubernetes-worker-2 ~]$ ce /etc/yum.repos.d
-bash: ce: command not found
[cloud-user@kubernetes-worker-2 ~]$ cd /etc/yum.repos.d/
[cloud-user@kubernetes-worker-2 yum.repos.d]$ mkdir rhel-yum.repo
mkdir: `rhel-yum.repo' 디렉토리를 만들 수 없습니다: 허가 거부
[cloud-user@kubernetes-worker-2 yum.repos.d]$ sudo mkdir rhel-yum.repo
[cloud-user@kubernetes-worker-2 yum.repos.d]$ ls
redhat.repo  rhel-yum.repo
[cloud-user@kubernetes-worker-2 yum.repos.d]$ rm -rf rhel-yum.repo/
rm: cannot remove `rhel-yum.repo/': 허가 거부
[cloud-user@kubernetes-worker-2 yum.repos.d]$ sudo rm -rf rhel-yum.repo/
[cloud-user@kubernetes-worker-2 yum.repos.d]$ sudo vi rhel-yum.repo
[cloud-user@kubernetes-worker-2 yum.repos.d]$ rpm --import http://mirror.centos.org/centos/7/os/x86_64/RPM-GPG-KEY-CentOS-7
오류: db5(을)를 이용하여 Packages 인덱스를 열 수 없습니다 - 허가 거부 (13)
오류: /var/lib/rpm 안의 패키지 데이터베이스를 열 수 없습니다
오류: http://mirror.centos.org/centos/7/os/x86_64/RPM-GPG-KEY-CentOS-7: key 1 import failed.
[cloud-user@kubernetes-worker-2 yum.repos.d]$ sudo rpm --import http://mirror.centos.org/centos/7/os/x86_64/RPM-GPG-KEY-CentOS-7
[cloud-user@kubernetes-worker-2 yum.repos.d]$ yum update -y
Loaded plugins: search-disabled-repos
You need to be root to perform this command.
[cloud-user@kubernetes-worker-2 yum.repos.d]$ sudo yum update -y
Loaded plugins: search-disabled-repos
base                                                     | 3.6 kB     00:00     
update                                                   | 3.4 kB     00:00     
(1/3): base/x86_64/group_gz                                | 155 kB   00:01     
(2/3): base/x86_64/primary_db                              | 5.3 MB   00:02     
(3/3): update/x86_64/primary_db                            | 7.1 MB   00:02     
Resolving Dependencies
--> Running transaction check
---> Package NetworkManager.x86_64 1:1.0.6-27.el7 will be updated
---> Package NetworkManager.x86_64 1:1.0.6-30.el7_2 will be an update
---> Package NetworkManager-config-server.x86_64 1:1.0.6-27.el7 will be updated
---> Package NetworkManager-config-server.x86_64 1:1.0.6-30.el7_2 will be an update
---> Package NetworkManager-libnm.x86_64 1:1.0.6-27.el7 will be updated
---> Package NetworkManager-libnm.x86_64 1:1.0.6-30.el7_2 will be an update
---> Package NetworkManager-team.x86_64 1:1.0.6-27.el7 will be updated
---> Package NetworkManager-team.x86_64 1:1.0.6-30.el7_2 will be an update
---> Package NetworkManager-tui.x86_64 1:1.0.6-27.el7 will be updated
---> Package NetworkManager-tui.x86_64 1:1.0.6-30.el7_2 will be an update
---> Package basesystem.noarch 0:10.0-7.el7 will be updated
---> Package basesystem.noarch 0:10.0-7.el7.centos will be an update
---> Package bash.x86_64 0:4.2.46-19.el7 will be updated
---> Package bash.x86_64 0:4.2.46-20.el7_2 will be an update
---> Package bind-libs-lite.x86_64 32:9.9.4-29.el7_2.2 will be updated
---> Package bind-libs-lite.x86_64 32:9.9.4-29.el7_2.3 will be an update
---> Package bind-license.noarch 32:9.9.4-29.el7_2.2 will be updated
---> Package bind-license.noarch 32:9.9.4-29.el7_2.3 will be an update
---> Package centos-logos.noarch 0:70.0.6-3.el7.centos will be obsoleting
---> Package chkconfig.x86_64 0:1.3.61-5.el7 will be updated
---> Package chkconfig.x86_64 0:1.3.61-5.el7_2.1 will be an update
---> Package chrony.x86_64 0:2.1.1-1.el7 will be updated
---> Package chrony.x86_64 0:2.1.1-1.el7.centos will be an update
---> Package cronie.x86_64 0:1.4.11-14.el7 will be updated
---> Package cronie.x86_64 0:1.4.11-14.el7_2.1 will be an update
---> Package cronie-anacron.x86_64 0:1.4.11-14.el7 will be updated
---> Package cronie-anacron.x86_64 0:1.4.11-14.el7_2.1 will be an update
---> Package curl.x86_64 0:7.29.0-25.el7 will be updated
---> Package curl.x86_64 0:7.29.0-25.el7.centos will be an update
---> Package dbus.x86_64 1:1.6.12-13.el7 will be updated
---> Package dbus.x86_64 1:1.6.12-14.el7_2 will be an update
---> Package dbus-libs.x86_64 1:1.6.12-13.el7 will be updated
---> Package dbus-libs.x86_64 1:1.6.12-14.el7_2 will be an update
---> Package device-mapper.x86_64 7:1.02.107-5.el7_2.1 will be updated
---> Package device-mapper.x86_64 7:1.02.107-5.el7_2.5 will be an update
---> Package device-mapper-libs.x86_64 7:1.02.107-5.el7_2.1 will be updated
---> Package device-mapper-libs.x86_64 7:1.02.107-5.el7_2.5 will be an update
---> Package dhclient.x86_64 12:4.2.5-42.el7 will be updated
---> Package dhclient.x86_64 12:4.2.5-42.el7.centos will be an update
---> Package dhcp-common.x86_64 12:4.2.5-42.el7 will be updated
---> Package dhcp-common.x86_64 12:4.2.5-42.el7.centos will be an update
---> Package dhcp-libs.x86_64 12:4.2.5-42.el7 will be updated
---> Package dhcp-libs.x86_64 12:4.2.5-42.el7.centos will be an update
---> Package dracut.x86_64 0:033-360.el7_2 will be updated
---> Package dracut.x86_64 0:033-360.el7_2.1 will be an update
---> Package dracut-config-generic.x86_64 0:033-360.el7_2 will be updated
---> Package dracut-config-generic.x86_64 0:033-360.el7_2.1 will be an update
---> Package dracut-config-rescue.x86_64 0:033-360.el7_2 will be updated
---> Package dracut-config-rescue.x86_64 0:033-360.el7_2.1 will be an update
---> Package dracut-network.x86_64 0:033-360.el7_2 will be updated
---> Package dracut-network.x86_64 0:033-360.el7_2.1 will be an update
---> Package glibc.x86_64 0:2.17-106.el7_2.4 will be updated
---> Package glibc.x86_64 0:2.17-106.el7_2.8 will be an update
---> Package glibc-common.x86_64 0:2.17-106.el7_2.4 will be updated
---> Package glibc-common.x86_64 0:2.17-106.el7_2.8 will be an update
---> Package gssproxy.x86_64 0:0.4.1-7.el7 will be updated
---> Package gssproxy.x86_64 0:0.4.1-8.el7_2 will be an update
---> Package initscripts.x86_64 0:9.49.30-1.el7 will be updated
---> Package initscripts.x86_64 0:9.49.30-1.el7_2.3 will be an update
---> Package iproute.x86_64 0:3.10.0-54.el7 will be updated
---> Package iproute.x86_64 0:3.10.0-54.el7_2.1 will be an update
---> Package kernel.x86_64 0:3.10.0-327.28.3.el7 will be installed
--> Processing Dependency: linux-firmware >= 20150904-43 for package: kernel-3.10.0-327.28.3.el7.x86_64
---> Package kernel-tools.x86_64 0:3.10.0-327.10.1.el7 will be updated
---> Package kernel-tools.x86_64 0:3.10.0-327.28.3.el7 will be an update
---> Package kernel-tools-libs.x86_64 0:3.10.0-327.10.1.el7 will be updated
---> Package kernel-tools-libs.x86_64 0:3.10.0-327.28.3.el7 will be an update
---> Package kexec-tools.x86_64 0:2.0.7-38.el7 will be updated
---> Package kexec-tools.x86_64 0:2.0.7-38.el7_2.1 will be an update
---> Package kpartx.x86_64 0:0.4.9-85.el7 will be updated
---> Package kpartx.x86_64 0:0.4.9-85.el7_2.5 will be an update
---> Package krb5-libs.x86_64 0:1.13.2-10.el7 will be updated
---> Package krb5-libs.x86_64 0:1.13.2-12.el7_2 will be an update
---> Package libblkid.x86_64 0:2.23.2-26.el7 will be updated
---> Package libblkid.x86_64 0:2.23.2-26.el7_2.3 will be an update
---> Package libcurl.x86_64 0:7.29.0-25.el7 will be updated
---> Package libcurl.x86_64 0:7.29.0-25.el7.centos will be an update
---> Package libgudev1.x86_64 0:219-19.el7_2.4 will be updated
---> Package libgudev1.x86_64 0:219-19.el7_2.12 will be an update
---> Package libmount.x86_64 0:2.23.2-26.el7 will be updated
---> Package libmount.x86_64 0:2.23.2-26.el7_2.3 will be an update
---> Package libndp.x86_64 0:1.2-4.el7 will be updated
---> Package libndp.x86_64 0:1.2-6.el7_2 will be an update
---> Package libssh2.x86_64 0:1.4.3-10.el7 will be updated
---> Package libssh2.x86_64 0:1.4.3-10.el7_2.1 will be an update
---> Package libtalloc.x86_64 0:2.1.2-1.el7 will be updated
---> Package libtalloc.x86_64 0:2.1.5-1.el7_2 will be an update
---> Package libteam.x86_64 0:1.17-5.el7 will be updated
---> Package libteam.x86_64 0:1.17-6.el7_2 will be an update
---> Package libtevent.x86_64 0:0.9.25-1.el7 will be updated
---> Package libtevent.x86_64 0:0.9.26-1.el7_2.1 will be an update
---> Package libuuid.x86_64 0:2.23.2-26.el7 will be updated
---> Package libuuid.x86_64 0:2.23.2-26.el7_2.3 will be an update
---> Package libxml2.x86_64 0:2.9.1-6.el7_2.2 will be updated
---> Package libxml2.x86_64 0:2.9.1-6.el7_2.3 will be an update
---> Package libxml2-python.x86_64 0:2.9.1-6.el7_2.2 will be updated
---> Package libxml2-python.x86_64 0:2.9.1-6.el7_2.3 will be an update
---> Package logrotate.x86_64 0:3.8.6-6.el7 will be updated
---> Package logrotate.x86_64 0:3.8.6-7.el7_2 will be an update
---> Package mariadb-libs.x86_64 1:5.5.44-2.el7 will be updated
---> Package mariadb-libs.x86_64 1:5.5.50-1.el7_2 will be an update
---> Package microcode_ctl.x86_64 2:2.1-12.el7 will be updated
---> Package microcode_ctl.x86_64 2:2.1-12.el7_2.1 will be an update
---> Package nfs-utils.x86_64 1:1.3.0-0.21.el7 will be updated
---> Package nfs-utils.x86_64 1:1.3.0-0.21.el7_2.1 will be an update
---> Package nspr.x86_64 0:4.10.8-2.el7_1 will be updated
---> Package nspr.x86_64 0:4.11.0-1.el7_2 will be an update
---> Package nss.x86_64 0:3.19.1-19.el7_2 will be updated
---> Package nss.x86_64 0:3.21.0-9.el7_2 will be an update
---> Package nss-softokn.x86_64 0:3.16.2.3-13.el7_1 will be updated
---> Package nss-softokn.x86_64 0:3.16.2.3-14.2.el7_2 will be an update
---> Package nss-softokn-freebl.x86_64 0:3.16.2.3-13.el7_1 will be updated
---> Package nss-softokn-freebl.x86_64 0:3.16.2.3-14.2.el7_2 will be an update
---> Package nss-sysinit.x86_64 0:3.19.1-19.el7_2 will be updated
---> Package nss-sysinit.x86_64 0:3.21.0-9.el7_2 will be an update
---> Package nss-tools.x86_64 0:3.19.1-19.el7_2 will be updated
---> Package nss-tools.x86_64 0:3.21.0-9.el7_2 will be an update
---> Package nss-util.x86_64 0:3.19.1-4.el7_1 will be updated
---> Package nss-util.x86_64 0:3.21.0-2.2.el7_2 will be an update
---> Package numactl-libs.x86_64 0:2.0.9-5.el7_1 will be updated
---> Package numactl-libs.x86_64 0:2.0.9-6.el7_2 will be an update
---> Package openldap.x86_64 0:2.4.40-8.el7 will be updated
---> Package openldap.x86_64 0:2.4.40-9.el7_2 will be an update
---> Package openssh.x86_64 0:6.6.1p1-22.el7 will be updated
---> Package openssh.x86_64 0:6.6.1p1-25.el7_2 will be an update
---> Package openssh-clients.x86_64 0:6.6.1p1-22.el7 will be updated
---> Package openssh-clients.x86_64 0:6.6.1p1-25.el7_2 will be an update
---> Package openssh-server.x86_64 0:6.6.1p1-22.el7 will be updated
---> Package openssh-server.x86_64 0:6.6.1p1-25.el7_2 will be an update
---> Package openssl.x86_64 1:1.0.1e-51.el7_2.4 will be updated
---> Package openssl.x86_64 1:1.0.1e-51.el7_2.5 will be an update
---> Package openssl-libs.x86_64 1:1.0.1e-51.el7_2.4 will be updated
---> Package openssl-libs.x86_64 1:1.0.1e-51.el7_2.5 will be an update
---> Package pcre.x86_64 0:8.32-15.el7 will be updated
---> Package pcre.x86_64 0:8.32-15.el7_2.1 will be an update
---> Package polkit.x86_64 0:0.112-6.el7_2 will be updated
---> Package polkit.x86_64 0:0.112-7.el7_2 will be an update
---> Package python.x86_64 0:2.7.5-34.el7 will be updated
---> Package python.x86_64 0:2.7.5-38.el7_2 will be an update
---> Package python-libs.x86_64 0:2.7.5-34.el7 will be updated
---> Package python-libs.x86_64 0:2.7.5-38.el7_2 will be an update
---> Package python-perf.x86_64 0:3.10.0-327.10.1.el7 will be updated
---> Package python-perf.x86_64 0:3.10.0-327.28.3.el7 will be an update
---> Package quota.x86_64 1:4.01-11.el7 will be updated
---> Package quota.x86_64 1:4.01-11.el7_2.1 will be an update
---> Package quota-nls.noarch 1:4.01-11.el7 will be updated
---> Package quota-nls.noarch 1:4.01-11.el7_2.1 will be an update
---> Package redhat-logos.noarch 0:70.0.3-4.el7 will be obsoleted
---> Package rpcbind.x86_64 0:0.2.0-32.el7 will be updated
---> Package rpcbind.x86_64 0:0.2.0-33.el7_2.1 will be an update
---> Package selinux-policy.noarch 0:3.13.1-60.el7 will be updated
---> Package selinux-policy.noarch 0:3.13.1-60.el7_2.7 will be an update
---> Package selinux-policy-targeted.noarch 0:3.13.1-60.el7 will be updated
---> Package selinux-policy-targeted.noarch 0:3.13.1-60.el7_2.7 will be an update
---> Package subscription-manager.x86_64 0:1.15.9-15.el7 will be updated
---> Package subscription-manager.x86_64 0:1.15.9-15.el7.centos.0.1 will be an update
---> Package sudo.x86_64 0:1.8.6p7-16.el7 will be updated
---> Package sudo.x86_64 0:1.8.6p7-17.el7_2 will be an update
---> Package systemd.x86_64 0:219-19.el7_2.4 will be updated
---> Package systemd.x86_64 0:219-19.el7_2.12 will be an update
---> Package systemd-libs.x86_64 0:219-19.el7_2.4 will be updated
---> Package systemd-libs.x86_64 0:219-19.el7_2.12 will be an update
---> Package systemd-sysv.x86_64 0:219-19.el7_2.4 will be updated
---> Package systemd-sysv.x86_64 0:219-19.el7_2.12 will be an update
---> Package teamd.x86_64 0:1.17-5.el7 will be updated
---> Package teamd.x86_64 0:1.17-6.el7_2 will be an update
---> Package tuned.noarch 0:2.5.1-4.el7_2.2 will be updated
---> Package tuned.noarch 0:2.5.1-4.el7_2.3 will be an update
---> Package tzdata.noarch 0:2016a-1.el7 will be updated
---> Package tzdata.noarch 0:2016f-1.el7 will be an update
---> Package util-linux.x86_64 0:2.23.2-26.el7 will be updated
---> Package util-linux.x86_64 0:2.23.2-26.el7_2.3 will be an update
---> Package yum.noarch 0:3.4.3-132.el7 will be updated
---> Package yum.noarch 0:3.4.3-132.el7.centos.0.1 will be an update
--> Processing Dependency: yum-plugin-fastestmirror for package: yum-3.4.3-132.el7.centos.0.1.noarch
--> Running transaction check
---> Package linux-firmware.noarch 0:20150904-43.git6ebf5d5.el7 will be installed
---> Package yum-plugin-fastestmirror.noarch 0:1.1.31-34.el7 will be installed
--> Finished Dependency Resolution

Dependencies Resolved

================================================================================
 Package                      Arch   Version                       Repository
                                                                           Size
================================================================================
Installing:
 centos-logos                 noarch 70.0.6-3.el7.centos           base    21 M
     replacing  redhat-logos.noarch 70.0.3-4.el7
 kernel                       x86_64 3.10.0-327.28.3.el7           update  33 M
Updating:
 NetworkManager               x86_64 1:1.0.6-30.el7_2              update 2.0 M
 NetworkManager-config-server x86_64 1:1.0.6-30.el7_2              update 122 k
 NetworkManager-libnm         x86_64 1:1.0.6-30.el7_2              update 498 k
 NetworkManager-team          x86_64 1:1.0.6-30.el7_2              update 132 k
 NetworkManager-tui           x86_64 1:1.0.6-30.el7_2              update 212 k
 basesystem                   noarch 10.0-7.el7.centos             base   5.0 k
 bash                         x86_64 4.2.46-20.el7_2               update 1.0 M
 bind-libs-lite               x86_64 32:9.9.4-29.el7_2.3           update 724 k
 bind-license                 noarch 32:9.9.4-29.el7_2.3           update  82 k
 chkconfig                    x86_64 1.3.61-5.el7_2.1              update 173 k
 chrony                       x86_64 2.1.1-1.el7.centos            base   280 k
 cronie                       x86_64 1.4.11-14.el7_2.1             update  90 k
 cronie-anacron               x86_64 1.4.11-14.el7_2.1             update  35 k
 curl                         x86_64 7.29.0-25.el7.centos          base   263 k
 dbus                         x86_64 1:1.6.12-14.el7_2             update 306 k
 dbus-libs                    x86_64 1:1.6.12-14.el7_2             update 151 k
 device-mapper                x86_64 7:1.02.107-5.el7_2.5          update 252 k
 device-mapper-libs           x86_64 7:1.02.107-5.el7_2.5          update 305 k
 dhclient                     x86_64 12:4.2.5-42.el7.centos        base   279 k
 dhcp-common                  x86_64 12:4.2.5-42.el7.centos        base   172 k
 dhcp-libs                    x86_64 12:4.2.5-42.el7.centos        base   128 k
 dracut                       x86_64 033-360.el7_2.1               update 311 k
 dracut-config-generic        x86_64 033-360.el7_2.1               update  48 k
 dracut-config-rescue         x86_64 033-360.el7_2.1               update  50 k
 dracut-network               x86_64 033-360.el7_2.1               update  90 k
 glibc                        x86_64 2.17-106.el7_2.8              update 3.6 M
 glibc-common                 x86_64 2.17-106.el7_2.8              update  11 M
 gssproxy                     x86_64 0.4.1-8.el7_2                 update  84 k
 initscripts                  x86_64 9.49.30-1.el7_2.3             update 429 k
 iproute                      x86_64 3.10.0-54.el7_2.1             update 526 k
 kernel-tools                 x86_64 3.10.0-327.28.3.el7           update 2.4 M
 kernel-tools-libs            x86_64 3.10.0-327.28.3.el7           update 2.3 M
 kexec-tools                  x86_64 2.0.7-38.el7_2.1              update 306 k
 kpartx                       x86_64 0.4.9-85.el7_2.5              update  60 k
 krb5-libs                    x86_64 1.13.2-12.el7_2               update 843 k
 libblkid                     x86_64 2.23.2-26.el7_2.3             update 167 k
 libcurl                      x86_64 7.29.0-25.el7.centos          base   215 k
 libgudev1                    x86_64 219-19.el7_2.12               update  66 k
 libmount                     x86_64 2.23.2-26.el7_2.3             update 169 k
 libndp                       x86_64 1.2-6.el7_2                   update  31 k
 libssh2                      x86_64 1.4.3-10.el7_2.1              update 134 k
 libtalloc                    x86_64 2.1.5-1.el7_2                 update  34 k
 libteam                      x86_64 1.17-6.el7_2                  update  45 k
 libtevent                    x86_64 0.9.26-1.el7_2.1              update  33 k
 libuuid                      x86_64 2.23.2-26.el7_2.3             update  74 k
 libxml2                      x86_64 2.9.1-6.el7_2.3               update 668 k
 libxml2-python               x86_64 2.9.1-6.el7_2.3               update 247 k
 logrotate                    x86_64 3.8.6-7.el7_2                 update  66 k
 mariadb-libs                 x86_64 1:5.5.50-1.el7_2              update 755 k
 microcode_ctl                x86_64 2:2.1-12.el7_2.1              update 535 k
 nfs-utils                    x86_64 1:1.3.0-0.21.el7_2.1          update 371 k
 nspr                         x86_64 4.11.0-1.el7_2                update 126 k
 nss                          x86_64 3.21.0-9.el7_2                update 850 k
 nss-softokn                  x86_64 3.16.2.3-14.2.el7_2           update 305 k
 nss-softokn-freebl           x86_64 3.16.2.3-14.2.el7_2           update 204 k
 nss-sysinit                  x86_64 3.21.0-9.el7_2                update  55 k
 nss-tools                    x86_64 3.21.0-9.el7_2                update 487 k
 nss-util                     x86_64 3.21.0-2.2.el7_2              update  72 k
 numactl-libs                 x86_64 2.0.9-6.el7_2                 update  29 k
 openldap                     x86_64 2.4.40-9.el7_2                update 348 k
 openssh                      x86_64 6.6.1p1-25.el7_2              update 435 k
 openssh-clients              x86_64 6.6.1p1-25.el7_2              update 639 k
 openssh-server               x86_64 6.6.1p1-25.el7_2              update 436 k
 openssl                      x86_64 1:1.0.1e-51.el7_2.5           update 712 k
 openssl-libs                 x86_64 1:1.0.1e-51.el7_2.5           update 952 k
 pcre                         x86_64 8.32-15.el7_2.1               update 420 k
 polkit                       x86_64 0.112-7.el7_2                 update 166 k
 python                       x86_64 2.7.5-38.el7_2                update  89 k
 python-libs                  x86_64 2.7.5-38.el7_2                update 5.6 M
 python-perf                  x86_64 3.10.0-327.28.3.el7           update 2.4 M
 quota                        x86_64 1:4.01-11.el7_2.1             update 178 k
 quota-nls                    noarch 1:4.01-11.el7_2.1             update  90 k
 rpcbind                      x86_64 0.2.0-33.el7_2.1              update  58 k
 selinux-policy               noarch 3.13.1-60.el7_2.7             update 376 k
 selinux-policy-targeted      noarch 3.13.1-60.el7_2.7             update 3.9 M
 subscription-manager         x86_64 1.15.9-15.el7.centos.0.1      base   823 k
 sudo                         x86_64 1.8.6p7-17.el7_2              update 732 k
 systemd                      x86_64 219-19.el7_2.12               update 5.1 M
 systemd-libs                 x86_64 219-19.el7_2.12               update 358 k
 systemd-sysv                 x86_64 219-19.el7_2.12               update  53 k
 teamd                        x86_64 1.17-6.el7_2                  update 109 k
 tuned                        noarch 2.5.1-4.el7_2.3               update 193 k
 tzdata                       noarch 2016f-1.el7                   update 439 k
 util-linux                   x86_64 2.23.2-26.el7_2.3             update 1.9 M
 yum                          noarch 3.4.3-132.el7.centos.0.1      base   1.2 M
Installing for dependencies:
 linux-firmware               noarch 20150904-43.git6ebf5d5.el7    base    24 M
 yum-plugin-fastestmirror     noarch 1.1.31-34.el7                 base    30 k

Transaction Summary
================================================================================
Install   2 Packages (+2 Dependent packages)
Upgrade  85 Packages

Total download size: 141 M
Downloading packages:
Delta RPMs disabled because /usr/bin/applydeltarpm not installed.
(1/89): NetworkManager-1.0.6-30.el7_2.x86_64.rpm           | 2.0 MB   00:01     
(2/89): NetworkManager-config-server-1.0.6-30.el7_2.x86_64 | 122 kB   00:01     
(3/89): NetworkManager-libnm-1.0.6-30.el7_2.x86_64.rpm     | 498 kB   00:00     
(4/89): NetworkManager-team-1.0.6-30.el7_2.x86_64.rpm      | 132 kB   00:00     
(5/89): basesystem-10.0-7.el7.centos.noarch.rpm            | 5.0 kB   00:00     
(6/89): bash-4.2.46-20.el7_2.x86_64.rpm                    | 1.0 MB   00:00     
(7/89): NetworkManager-tui-1.0.6-30.el7_2.x86_64.rpm       | 212 kB   00:02     
(8/89): bind-libs-lite-9.9.4-29.el7_2.3.x86_64.rpm         | 724 kB   00:01     
(9/89): bind-license-9.9.4-29.el7_2.3.noarch.rpm           |  82 kB   00:00     
(10/89): cronie-1.4.11-14.el7_2.1.x86_64.rpm               |  90 kB   00:00     
(11/89): cronie-anacron-1.4.11-14.el7_2.1.x86_64.rpm       |  35 kB   00:00     
(12/89): chrony-2.1.1-1.el7.centos.x86_64.rpm              | 280 kB   00:01     
(13/89): chkconfig-1.3.61-5.el7_2.1.x86_64.rpm             | 173 kB   00:02     
(14/89): curl-7.29.0-25.el7.centos.x86_64.rpm              | 263 kB   00:00     
(15/89): dbus-1.6.12-14.el7_2.x86_64.rpm                   | 306 kB   00:00     
(16/89): dbus-libs-1.6.12-14.el7_2.x86_64.rpm              | 151 kB   00:00     
(17/89): device-mapper-libs-1.02.107-5.el7_2.5.x86_64.rpm  | 305 kB   00:00     
(18/89): dhclient-4.2.5-42.el7.centos.x86_64.rpm           | 279 kB   00:00     
(19/89): device-mapper-1.02.107-5.el7_2.5.x86_64.rpm       | 252 kB   00:02     
(20/89): centos-logos-70.0.6-3.el7.centos.noarch.rpm       |  21 MB   00:05     
(21/89): dhcp-common-4.2.5-42.el7.centos.x86_64.rpm        | 172 kB   00:02     
(22/89): dracut-033-360.el7_2.1.x86_64.rpm                 | 311 kB   00:00     
(23/89): dracut-config-generic-033-360.el7_2.1.x86_64.rpm  |  48 kB   00:01     
(24/89): dhcp-libs-4.2.5-42.el7.centos.x86_64.rpm          | 128 kB   00:01     
(25/89): dracut-config-rescue-033-360.el7_2.1.x86_64.rpm   |  50 kB   00:01     
(26/89): dracut-network-033-360.el7_2.1.x86_64.rpm         |  90 kB   00:01     
(27/89): glibc-2.17-106.el7_2.8.x86_64.rpm                 | 3.6 MB   00:01     
(28/89): glibc-common-2.17-106.el7_2.8.x86_64.rpm          |  11 MB   00:03     
(29/89): gssproxy-0.4.1-8.el7_2.x86_64.rpm                 |  84 kB   00:02     
(30/89): iproute-3.10.0-54.el7_2.1.x86_64.rpm              | 526 kB   00:00     
(31/89): initscripts-9.49.30-1.el7_2.3.x86_64.rpm          | 429 kB   00:00     
(32/89): kernel-tools-3.10.0-327.28.3.el7.x86_64.rpm       | 2.4 MB   00:01     
(33/89): kernel-tools-libs-3.10.0-327.28.3.el7.x86_64.rpm  | 2.3 MB   00:01     
(34/89): kexec-tools-2.0.7-38.el7_2.1.x86_64.rpm           | 306 kB   00:00     
(35/89): kpartx-0.4.9-85.el7_2.5.x86_64.rpm                |  60 kB   00:01     
(36/89): krb5-libs-1.13.2-12.el7_2.x86_64.rpm              | 843 kB   00:00     
(37/89): libblkid-2.23.2-26.el7_2.3.x86_64.rpm             | 167 kB   00:02     
(38/89): libcurl-7.29.0-25.el7.centos.x86_64.rpm           | 215 kB   00:02     
(39/89): libgudev1-219-19.el7_2.12.x86_64.rpm              |  66 kB   00:00     
(40/89): kernel-3.10.0-327.28.3.el7.x86_64.rpm             |  33 MB   00:09     
(41/89): libmount-2.23.2-26.el7_2.3.x86_64.rpm             | 169 kB   00:00     
(42/89): libssh2-1.4.3-10.el7_2.1.x86_64.rpm               | 134 kB   00:00     
(43/89): libtalloc-2.1.5-1.el7_2.x86_64.rpm                |  34 kB   00:00     
(44/89): libndp-1.2-6.el7_2.x86_64.rpm                     |  31 kB   00:01     
(45/89): libteam-1.17-6.el7_2.x86_64.rpm                   |  45 kB   00:00     
(46/89): libuuid-2.23.2-26.el7_2.3.x86_64.rpm              |  74 kB   00:00     
(47/89): libtevent-0.9.26-1.el7_2.1.x86_64.rpm             |  33 kB   00:00     
(48/89): libxml2-2.9.1-6.el7_2.3.x86_64.rpm                | 668 kB   00:00     
(49/89): libxml2-python-2.9.1-6.el7_2.3.x86_64.rpm         | 247 kB   00:01     
(50/89): logrotate-3.8.6-7.el7_2.x86_64.rpm                |  66 kB   00:01     
(51/89): mariadb-libs-5.5.50-1.el7_2.x86_64.rpm            | 755 kB   00:00     
(52/89): microcode_ctl-2.1-12.el7_2.1.x86_64.rpm           | 535 kB   00:01     
(53/89): nfs-utils-1.3.0-0.21.el7_2.1.x86_64.rpm           | 371 kB   00:00     
(54/89): nss-3.21.0-9.el7_2.x86_64.rpm                     | 850 kB   00:02     
(55/89): nspr-4.11.0-1.el7_2.x86_64.rpm                    | 126 kB   00:02     
(56/89): nss-softokn-3.16.2.3-14.2.el7_2.x86_64.rpm        | 305 kB   00:00     
(57/89): nss-sysinit-3.21.0-9.el7_2.x86_64.rpm             |  55 kB   00:01     
(58/89): nss-softokn-freebl-3.16.2.3-14.2.el7_2.x86_64.rpm | 204 kB   00:02     
(59/89): linux-firmware-20150904-43.git6ebf5d5.el7.noarch. |  24 MB   00:08     
(60/89): nss-tools-3.21.0-9.el7_2.x86_64.rpm               | 487 kB   00:00     
(61/89): nss-util-3.21.0-2.2.el7_2.x86_64.rpm              |  72 kB   00:01     
(62/89): numactl-libs-2.0.9-6.el7_2.x86_64.rpm             |  29 kB   00:01     
(63/89): openldap-2.4.40-9.el7_2.x86_64.rpm                | 348 kB   00:00     
(64/89): openssh-6.6.1p1-25.el7_2.x86_64.rpm               | 435 kB   00:00     
(65/89): openssh-clients-6.6.1p1-25.el7_2.x86_64.rpm       | 639 kB   00:01     
(66/89): openssh-server-6.6.1p1-25.el7_2.x86_64.rpm        | 436 kB   00:01     
(67/89): openssl-1.0.1e-51.el7_2.5.x86_64.rpm              | 712 kB   00:01     
(68/89): openssl-libs-1.0.1e-51.el7_2.5.x86_64.rpm         | 952 kB   00:01     
(69/89): pcre-8.32-15.el7_2.1.x86_64.rpm                   | 420 kB   00:00     
(70/89): python-2.7.5-38.el7_2.x86_64.rpm                  |  89 kB   00:01     
(71/89): polkit-0.112-7.el7_2.x86_64.rpm                   | 166 kB   00:02     
(72/89): python-perf-3.10.0-327.28.3.el7.x86_64.rpm        | 2.4 MB   00:01     
(73/89): python-libs-2.7.5-38.el7_2.x86_64.rpm             | 5.6 MB   00:01     
(74/89): quota-nls-4.01-11.el7_2.1.noarch.rpm              |  90 kB   00:01     
(75/89): quota-4.01-11.el7_2.1.x86_64.rpm                  | 178 kB   00:02     
(76/89): rpcbind-0.2.0-33.el7_2.1.x86_64.rpm               |  58 kB   00:00     
(77/89): selinux-policy-3.13.1-60.el7_2.7.noarch.rpm       | 376 kB   00:00     
(78/89): sudo-1.8.6p7-17.el7_2.x86_64.rpm                  | 732 kB   00:01     
(79/89): selinux-policy-targeted-3.13.1-60.el7_2.7.noarch. | 3.9 MB   00:01     
(80/89): systemd-libs-219-19.el7_2.12.x86_64.rpm           | 358 kB   00:00     
(81/89): subscription-manager-1.15.9-15.el7.centos.0.1.x86 | 823 kB   00:03     
(82/89): systemd-sysv-219-19.el7_2.12.x86_64.rpm           |  53 kB   00:01     
(83/89): systemd-219-19.el7_2.12.x86_64.rpm                | 5.1 MB   00:02     
(84/89): teamd-1.17-6.el7_2.x86_64.rpm                     | 109 kB   00:01     
(85/89): tzdata-2016f-1.el7.noarch.rpm                     | 439 kB   00:00     
(86/89): tuned-2.5.1-4.el7_2.3.noarch.rpm                  | 193 kB   00:02     
(87/89): yum-plugin-fastestmirror-1.1.31-34.el7.noarch.rpm |  30 kB   00:01     
(88/89): yum-3.4.3-132.el7.centos.0.1.noarch.rpm           | 1.2 MB   00:01     
(89/89): util-linux-2.23.2-26.el7_2.3.x86_64.rpm           | 1.9 MB   00:01     
--------------------------------------------------------------------------------
Total                                              2.7 MB/s | 141 MB  00:53     
Running transaction check
Running transaction test
Transaction test succeeded
Running transaction
  Installing : linux-firmware-20150904-43.git6ebf5d5.el7.noarch           1/175 
  Updating   : 1:quota-nls-4.01-11.el7_2.1.noarch                         2/175 
  Updating   : basesystem-10.0-7.el7.centos.noarch                        3/175 
  Updating   : tzdata-2016f-1.el7.noarch                                  4/175 
  Updating   : bash-4.2.46-20.el7_2.x86_64                                5/175 
  Updating   : nss-softokn-freebl-3.16.2.3-14.2.el7_2.x86_64              6/175 
  Updating   : glibc-2.17-106.el7_2.8.x86_64                              7/175 
  Updating   : glibc-common-2.17-106.el7_2.8.x86_64                       8/175 
  Updating   : nspr-4.11.0-1.el7_2.x86_64                                 9/175 
  Updating   : nss-util-3.21.0-2.2.el7_2.x86_64                          10/175 
  Updating   : systemd-libs-219-19.el7_2.12.x86_64                       11/175 
  Updating   : krb5-libs-1.13.2-12.el7_2.x86_64                          12/175 
  Updating   : 1:openssl-libs-1.0.1e-51.el7_2.5.x86_64                   13/175 
  Updating   : libuuid-2.23.2-26.el7_2.3.x86_64                          14/175 
  Updating   : chkconfig-1.3.61-5.el7_2.1.x86_64                         15/175 
  Updating   : libblkid-2.23.2-26.el7_2.3.x86_64                         16/175 
  Updating   : libgudev1-219-19.el7_2.12.x86_64                          17/175 
  Updating   : iproute-3.10.0-54.el7_2.1.x86_64                          18/175 
  Updating   : 1:dbus-libs-1.6.12-14.el7_2.x86_64                        19/175 
  Updating   : libmount-2.23.2-26.el7_2.3.x86_64                         20/175 
  Updating   : systemd-219-19.el7_2.12.x86_64                            21/175 
  Updating   : 1:dbus-1.6.12-14.el7_2.x86_64                             22/175 
  Updating   : util-linux-2.23.2-26.el7_2.3.x86_64                       23/175 
  Updating   : python-libs-2.7.5-38.el7_2.x86_64                         24/175 
  Updating   : python-2.7.5-38.el7_2.x86_64                              25/175 
  Updating   : systemd-sysv-219-19.el7_2.12.x86_64                       26/175 
  Updating   : rpcbind-0.2.0-33.el7_2.1.x86_64                           27/175 
  Installing : yum-plugin-fastestmirror-1.1.31-34.el7.noarch             28/175 
  Updating   : yum-3.4.3-132.el7.centos.0.1.noarch                       29/175 
  Updating   : initscripts-9.49.30-1.el7_2.3.x86_64                      30/175 
  Updating   : nss-softokn-3.16.2.3-14.2.el7_2.x86_64                    31/175 
  Updating   : nss-3.21.0-9.el7_2.x86_64                                 32/175 
  Updating   : nss-sysinit-3.21.0-9.el7_2.x86_64                         33/175 
  Updating   : 1:NetworkManager-libnm-1.0.6-30.el7_2.x86_64              34/175 
  Updating   : libxml2-2.9.1-6.el7_2.3.x86_64                            35/175 
  Updating   : nss-tools-3.21.0-9.el7_2.x86_64                           36/175 
  Updating   : openldap-2.4.40-9.el7_2.x86_64                            37/175 
  Updating   : openssh-6.6.1p1-25.el7_2.x86_64                           38/175 
  Updating   : 12:dhcp-libs-4.2.5-42.el7.centos.x86_64                   39/175 
  Updating   : 12:dhcp-common-4.2.5-42.el7.centos.x86_64                 40/175 
  Updating   : 1:quota-4.01-11.el7_2.1.x86_64                            41/175 
  Updating   : python-perf-3.10.0-327.28.3.el7.x86_64                    42/175 
  Updating   : 7:device-mapper-libs-1.02.107-5.el7_2.5.x86_64            43/175 
  Updating   : 7:device-mapper-1.02.107-5.el7_2.5.x86_64                 44/175 
  Updating   : kpartx-0.4.9-85.el7_2.5.x86_64                            45/175 
  Updating   : dracut-033-360.el7_2.1.x86_64                             46/175 
  Updating   : polkit-0.112-7.el7_2.x86_64                               47/175 
  Updating   : gssproxy-0.4.1-8.el7_2.x86_64                             48/175 
  Updating   : cronie-anacron-1.4.11-14.el7_2.1.x86_64                   49/175 
  Updating   : cronie-1.4.11-14.el7_2.1.x86_64                           50/175 
  Updating   : libssh2-1.4.3-10.el7_2.1.x86_64                           51/175 
  Updating   : libcurl-7.29.0-25.el7.centos.x86_64                       52/175 
  Updating   : libndp-1.2-6.el7_2.x86_64                                 53/175 
  Updating   : kernel-tools-libs-3.10.0-327.28.3.el7.x86_64              54/175 
  Updating   : libteam-1.17-6.el7_2.x86_64                               55/175 
  Updating   : teamd-1.17-6.el7_2.x86_64                                 56/175 
  Updating   : libtalloc-2.1.5-1.el7_2.x86_64                            57/175 
  Updating   : selinux-policy-3.13.1-60.el7_2.7.noarch                   58/175 
  Updating   : 32:bind-license-9.9.4-29.el7_2.3.noarch                   59/175 
  Updating   : 32:bind-libs-lite-9.9.4-29.el7_2.3.x86_64                 60/175 
  Updating   : 12:dhclient-4.2.5-42.el7.centos.x86_64                    61/175 
  Updating   : 1:NetworkManager-1.0.6-30.el7_2.x86_64                    62/175 
  Updating   : dracut-network-033-360.el7_2.1.x86_64                     63/175 
  Updating   : kexec-tools-2.0.7-38.el7_2.1.x86_64                       64/175 
  Updating   : 1:NetworkManager-tui-1.0.6-30.el7_2.x86_64                65/175 
  Updating   : 1:NetworkManager-team-1.0.6-30.el7_2.x86_64               66/175 
  Updating   : selinux-policy-targeted-3.13.1-60.el7_2.7.noarch          67/175 
  Updating   : libtevent-0.9.26-1.el7_2.1.x86_64                         68/175 
  Updating   : kernel-tools-3.10.0-327.28.3.el7.x86_64                   69/175 
  Updating   : curl-7.29.0-25.el7.centos.x86_64                          70/175 
  Updating   : 1:nfs-utils-1.3.0-0.21.el7_2.1.x86_64                     71/175 
  Installing : kernel-3.10.0-327.28.3.el7.x86_64                         72/175 
  Updating   : dracut-config-rescue-033-360.el7_2.1.x86_64               73/175 
  Updating   : dracut-config-generic-033-360.el7_2.1.x86_64              74/175 
  Updating   : tuned-2.5.1-4.el7_2.3.noarch                              75/175 
  Updating   : openssh-server-6.6.1p1-25.el7_2.x86_64                    76/175 
  Updating   : openssh-clients-6.6.1p1-25.el7_2.x86_64                   77/175 
  Updating   : sudo-1.8.6p7-17.el7_2.x86_64                              78/175 
  Updating   : libxml2-python-2.9.1-6.el7_2.3.x86_64                     79/175 
  Updating   : subscription-manager-1.15.9-15.el7.centos.0.1.x86_64      80/175 
  Updating   : 2:microcode_ctl-2.1-12.el7_2.1.x86_64                     81/175 
  Updating   : chrony-2.1.1-1.el7.centos.x86_64                          82/175 
  Updating   : 1:mariadb-libs-5.5.50-1.el7_2.x86_64                      83/175 
  Updating   : 1:openssl-1.0.1e-51.el7_2.5.x86_64                        84/175 
  Updating   : pcre-8.32-15.el7_2.1.x86_64                               85/175 
  Updating   : numactl-libs-2.0.9-6.el7_2.x86_64                         86/175 
  Updating   : logrotate-3.8.6-7.el7_2.x86_64                            87/175 
  Installing : centos-logos-70.0.6-3.el7.centos.noarch                   88/175 
  Updating   : 1:NetworkManager-config-server-1.0.6-30.el7_2.x86_64      89/175 
  Cleanup    : 1:nfs-utils-1.3.0-0.21.el7.x86_64                         90/175 
  Cleanup    : tuned-2.5.1-4.el7_2.2.noarch                              91/175 
  Cleanup    : 1:NetworkManager-tui-1.0.6-27.el7.x86_64                  92/175 
  Cleanup    : curl-7.29.0-25.el7.x86_64                                 93/175 
  Cleanup    : libcurl-7.29.0-25.el7.x86_64                              94/175 
  Cleanup    : openssh-server-6.6.1p1-22.el7.x86_64                      95/175 
  Cleanup    : openssh-clients-6.6.1p1-22.el7.x86_64                     96/175 
  Cleanup    : rpcbind-0.2.0-32.el7.x86_64                               97/175 
  Cleanup    : openssh-6.6.1p1-22.el7.x86_64                             98/175 
  Cleanup    : libxml2-python-2.9.1-6.el7_2.2.x86_64                     99/175 
  Cleanup    : 1:openssl-1.0.1e-51.el7_2.4.x86_64                       100/175 
  Cleanup    : gssproxy-0.4.1-7.el7.x86_64                              101/175 
  Cleanup    : 1:NetworkManager-team-1.0.6-27.el7.x86_64                102/175 
  Cleanup    : 1:NetworkManager-1.0.6-27.el7.x86_64                     103/175 
  Cleanup    : 1:NetworkManager-libnm-1.0.6-27.el7.x86_64               104/175 
  Cleanup    : polkit-0.112-6.el7_2.x86_64                              105/175 
  Cleanup    : teamd-1.17-5.el7.x86_64                                  106/175 
  Cleanup    : 1:quota-4.01-11.el7.x86_64                               107/175 
  Cleanup    : chrony-2.1.1-1.el7.x86_64                                108/175 
  Cleanup    : kexec-tools-2.0.7-38.el7.x86_64                          109/175 
  Cleanup    : 1:mariadb-libs-5.5.44-2.el7.x86_64                       110/175 
  Cleanup    : kernel-tools-3.10.0-327.10.1.el7.x86_64                  111/175 
  Cleanup    : subscription-manager-1.15.9-15.el7.x86_64                112/175 
  Cleanup    : dracut-network-033-360.el7_2.x86_64                      113/175 
  Cleanup    : 12:dhclient-4.2.5-42.el7.x86_64                          114/175 
  Cleanup    : 32:bind-libs-lite-9.9.4-29.el7_2.2.x86_64                115/175 
  Cleanup    : initscripts-9.49.30-1.el7.x86_64                         116/175 
  Cleanup    : libgudev1-219-19.el7_2.4.x86_64                          117/175 
  Cleanup    : python-perf-3.10.0-327.10.1.el7.x86_64                   118/175 
  Cleanup    : sudo-1.8.6p7-16.el7.x86_64                               119/175 
  Cleanup    : yum-3.4.3-132.el7.noarch                                 120/175 
  Cleanup    : systemd-sysv-219-19.el7_2.4.x86_64                       121/175 
  Cleanup    : selinux-policy-targeted-3.13.1-60.el7.noarch             122/175 
  Cleanup    : dracut-config-rescue-033-360.el7_2.x86_64                123/175 
  Cleanup    : python-2.7.5-34.el7.x86_64                               124/175 
  Cleanup    : python-libs-2.7.5-34.el7.x86_64                          125/175 
  Cleanup    : libssh2-1.4.3-10.el7.x86_64                              126/175 
  Cleanup    : krb5-libs-1.13.2-10.el7.x86_64                           127/175 
  Cleanup    : 1:openssl-libs-1.0.1e-51.el7_2.4.x86_64                  128/175 
  Cleanup    : cronie-1.4.11-14.el7.x86_64                              129/175 
  Cleanup    : cronie-anacron-1.4.11-14.el7.x86_64                      130/175 
  Cleanup    : libtevent-0.9.25-1.el7.x86_64                            131/175 
  Cleanup    : 2:microcode_ctl-2.1-12.el7.x86_64                        132/175 
  Cleanup    : selinux-policy-3.13.1-60.el7.noarch                      133/175 
  Cleanup    : 12:dhcp-common-4.2.5-42.el7.x86_64                       134/175 
  Cleanup    : 12:dhcp-libs-4.2.5-42.el7.x86_64                         135/175 
  Erasing    : redhat-logos-70.0.3-4.el7.noarch                         136/175 
  Cleanup    : dracut-config-generic-033-360.el7_2.x86_64               137/175 
  Cleanup    : openldap-2.4.40-8.el7.x86_64                             138/175 
  Cleanup    : nss-tools-3.19.1-19.el7_2.x86_64                         139/175 
  Cleanup    : nss-sysinit-3.19.1-19.el7_2.x86_64                       140/175 
  Cleanup    : nss-3.19.1-19.el7_2.x86_64                               141/175 
  Cleanup    : nss-softokn-3.16.2.3-13.el7_1.x86_64                     142/175 
  Cleanup    : nss-util-3.19.1-4.el7_1.x86_64                           143/175 
  Cleanup    : dracut-033-360.el7_2.x86_64                              144/175 
  Cleanup    : kpartx-0.4.9-85.el7.x86_64                               145/175 
  Cleanup    : 7:device-mapper-1.02.107-5.el7_2.1.x86_64                146/175 
  Cleanup    : 7:device-mapper-libs-1.02.107-5.el7_2.1.x86_64           147/175 
  Cleanup    : util-linux-2.23.2-26.el7.x86_64                          148/175 
  Cleanup    : 1:dbus-1.6.12-13.el7.x86_64                              149/175 
  Cleanup    : systemd-219-19.el7_2.4.x86_64                            150/175 
  Cleanup    : libmount-2.23.2-26.el7.x86_64                            151/175 
  Cleanup    : libblkid-2.23.2-26.el7.x86_64                            152/175 
  Cleanup    : iproute-3.10.0-54.el7.x86_64                             153/175 
  Cleanup    : logrotate-3.8.6-6.el7.x86_64                             154/175 
  Cleanup    : libuuid-2.23.2-26.el7.x86_64                             155/175 
  Cleanup    : systemd-libs-219-19.el7_2.4.x86_64                       156/175 
  Cleanup    : chkconfig-1.3.61-5.el7.x86_64                            157/175 
  Cleanup    : 1:dbus-libs-1.6.12-13.el7.x86_64                         158/175 
  Cleanup    : nspr-4.10.8-2.el7_1.x86_64                               159/175 
  Cleanup    : libtalloc-2.1.2-1.el7.x86_64                             160/175 
  Cleanup    : libxml2-2.9.1-6.el7_2.2.x86_64                           161/175 
  Cleanup    : kernel-tools-libs-3.10.0-327.10.1.el7.x86_64             162/175 
  Cleanup    : libteam-1.17-5.el7.x86_64                                163/175 
  Cleanup    : libndp-1.2-4.el7.x86_64                                  164/175 
  Cleanup    : numactl-libs-2.0.9-5.el7_1.x86_64                        165/175 
  Cleanup    : pcre-8.32-15.el7.x86_64                                  166/175 
  Cleanup    : 32:bind-license-9.9.4-29.el7_2.2.noarch                  167/175 
  Cleanup    : 1:quota-nls-4.01-11.el7.noarch                           168/175 
  Cleanup    : 1:NetworkManager-config-server-1.0.6-27.el7.x86_64       169/175 
  Cleanup    : glibc-common-2.17-106.el7_2.4.x86_64                     170/175 
  Cleanup    : bash-4.2.46-19.el7.x86_64                                171/175 
  Cleanup    : nss-softokn-freebl-3.16.2.3-13.el7_1.x86_64              172/175 
  Cleanup    : glibc-2.17-106.el7_2.4.x86_64                            173/175 
  Cleanup    : basesystem-10.0-7.el7.noarch                             174/175 
  Cleanup    : tzdata-2016a-1.el7.noarch                                175/175 
  Verifying  : systemd-sysv-219-19.el7_2.12.x86_64                        1/175 
  Verifying  : kernel-3.10.0-327.28.3.el7.x86_64                          2/175 
  Verifying  : iproute-3.10.0-54.el7_2.1.x86_64                           3/175 
  Verifying  : sudo-1.8.6p7-17.el7_2.x86_64                               4/175 
  Verifying  : systemd-219-19.el7_2.12.x86_64                             5/175 
  Verifying  : 32:bind-license-9.9.4-29.el7_2.3.noarch                    6/175 
  Verifying  : util-linux-2.23.2-26.el7_2.3.x86_64                        7/175 
  Verifying  : pcre-8.32-15.el7_2.1.x86_64                                8/175 
  Verifying  : dracut-033-360.el7_2.1.x86_64                              9/175 
  Verifying  : libndp-1.2-6.el7_2.x86_64                                 10/175 
  Verifying  : 1:nfs-utils-1.3.0-0.21.el7_2.1.x86_64                     11/175 
  Verifying  : subscription-manager-1.15.9-15.el7.centos.0.1.x86_64      12/175 
  Verifying  : nss-util-3.21.0-2.2.el7_2.x86_64                          13/175 
  Verifying  : 32:bind-libs-lite-9.9.4-29.el7_2.3.x86_64                 14/175 
  Verifying  : numactl-libs-2.0.9-6.el7_2.x86_64                         15/175 
  Verifying  : kernel-tools-3.10.0-327.28.3.el7.x86_64                   16/175 
  Verifying  : python-2.7.5-38.el7_2.x86_64                              17/175 
  Verifying  : cronie-anacron-1.4.11-14.el7_2.1.x86_64                   18/175 
  Verifying  : kernel-tools-libs-3.10.0-327.28.3.el7.x86_64              19/175 
  Verifying  : yum-plugin-fastestmirror-1.1.31-34.el7.noarch             20/175 
  Verifying  : dracut-config-rescue-033-360.el7_2.1.x86_64               21/175 
  Verifying  : libuuid-2.23.2-26.el7_2.3.x86_64                          22/175 
  Verifying  : tzdata-2016f-1.el7.noarch                                 23/175 
  Verifying  : 1:mariadb-libs-5.5.50-1.el7_2.x86_64                      24/175 
  Verifying  : teamd-1.17-6.el7_2.x86_64                                 25/175 
  Verifying  : 7:device-mapper-libs-1.02.107-5.el7_2.5.x86_64            26/175 
  Verifying  : 2:microcode_ctl-2.1-12.el7_2.1.x86_64                     27/175 
  Verifying  : basesystem-10.0-7.el7.centos.noarch                       28/175 
  Verifying  : rpcbind-0.2.0-33.el7_2.1.x86_64                           29/175 
  Verifying  : dracut-config-generic-033-360.el7_2.1.x86_64              30/175 
  Verifying  : openldap-2.4.40-9.el7_2.x86_64                            31/175 
  Verifying  : initscripts-9.49.30-1.el7_2.3.x86_64                      32/175 
  Verifying  : tuned-2.5.1-4.el7_2.3.noarch                              33/175 
  Verifying  : glibc-2.17-106.el7_2.8.x86_64                             34/175 
  Verifying  : libblkid-2.23.2-26.el7_2.3.x86_64                         35/175 
  Verifying  : krb5-libs-1.13.2-12.el7_2.x86_64                          36/175 
  Verifying  : bash-4.2.46-20.el7_2.x86_64                               37/175 
  Verifying  : 1:NetworkManager-libnm-1.0.6-30.el7_2.x86_64              38/175 
  Verifying  : yum-3.4.3-132.el7.centos.0.1.noarch                       39/175 
  Verifying  : 1:NetworkManager-config-server-1.0.6-30.el7_2.x86_64      40/175 
  Verifying  : libssh2-1.4.3-10.el7_2.1.x86_64                           41/175 
  Verifying  : 1:openssl-libs-1.0.1e-51.el7_2.5.x86_64                   42/175 
  Verifying  : nss-tools-3.21.0-9.el7_2.x86_64                           43/175 
  Verifying  : libxml2-2.9.1-6.el7_2.3.x86_64                            44/175 
  Verifying  : selinux-policy-3.13.1-60.el7_2.7.noarch                   45/175 
  Verifying  : chkconfig-1.3.61-5.el7_2.1.x86_64                         46/175 
  Verifying  : dracut-network-033-360.el7_2.1.x86_64                     47/175 
  Verifying  : glibc-common-2.17-106.el7_2.8.x86_64                      48/175 
  Verifying  : 1:NetworkManager-tui-1.0.6-30.el7_2.x86_64                49/175 
  Verifying  : libcurl-7.29.0-25.el7.centos.x86_64                       50/175 
  Verifying  : nspr-4.11.0-1.el7_2.x86_64                                51/175 
  Verifying  : 1:openssl-1.0.1e-51.el7_2.5.x86_64                        52/175 
  Verifying  : kexec-tools-2.0.7-38.el7_2.1.x86_64                       53/175 
  Verifying  : libtevent-0.9.26-1.el7_2.1.x86_64                         54/175 
  Verifying  : 1:quota-nls-4.01-11.el7_2.1.noarch                        55/175 
  Verifying  : logrotate-3.8.6-7.el7_2.x86_64                            56/175 
  Verifying  : selinux-policy-targeted-3.13.1-60.el7_2.7.noarch          57/175 
  Verifying  : openssh-server-6.6.1p1-25.el7_2.x86_64                    58/175 
  Verifying  : linux-firmware-20150904-43.git6ebf5d5.el7.noarch          59/175 
  Verifying  : curl-7.29.0-25.el7.centos.x86_64                          60/175 
  Verifying  : gssproxy-0.4.1-8.el7_2.x86_64                             61/175 
  Verifying  : 12:dhclient-4.2.5-42.el7.centos.x86_64                    62/175 
  Verifying  : 7:device-mapper-1.02.107-5.el7_2.5.x86_64                 63/175 
  Verifying  : chrony-2.1.1-1.el7.centos.x86_64                          64/175 
  Verifying  : nss-softokn-3.16.2.3-14.2.el7_2.x86_64                    65/175 
  Verifying  : nss-softokn-freebl-3.16.2.3-14.2.el7_2.x86_64             66/175 
  Verifying  : 1:NetworkManager-team-1.0.6-30.el7_2.x86_64               67/175 
  Verifying  : 1:NetworkManager-1.0.6-30.el7_2.x86_64                    68/175 
  Verifying  : systemd-libs-219-19.el7_2.12.x86_64                       69/175 
  Verifying  : nss-3.21.0-9.el7_2.x86_64                                 70/175 
  Verifying  : centos-logos-70.0.6-3.el7.centos.noarch                   71/175 
  Verifying  : nss-sysinit-3.21.0-9.el7_2.x86_64                         72/175 
  Verifying  : 1:dbus-1.6.12-14.el7_2.x86_64                             73/175 
  Verifying  : kpartx-0.4.9-85.el7_2.5.x86_64                            74/175 
  Verifying  : polkit-0.112-7.el7_2.x86_64                               75/175 
  Verifying  : 1:quota-4.01-11.el7_2.1.x86_64                            76/175 
  Verifying  : openssh-6.6.1p1-25.el7_2.x86_64                           77/175 
  Verifying  : python-libs-2.7.5-38.el7_2.x86_64                         78/175 
  Verifying  : libteam-1.17-6.el7_2.x86_64                               79/175 
  Verifying  : libxml2-python-2.9.1-6.el7_2.3.x86_64                     80/175 
  Verifying  : python-perf-3.10.0-327.28.3.el7.x86_64                    81/175 
  Verifying  : libtalloc-2.1.5-1.el7_2.x86_64                            82/175 
  Verifying  : 12:dhcp-common-4.2.5-42.el7.centos.x86_64                 83/175 
  Verifying  : cronie-1.4.11-14.el7_2.1.x86_64                           84/175 
  Verifying  : 12:dhcp-libs-4.2.5-42.el7.centos.x86_64                   85/175 
  Verifying  : openssh-clients-6.6.1p1-25.el7_2.x86_64                   86/175 
  Verifying  : 1:dbus-libs-1.6.12-14.el7_2.x86_64                        87/175 
  Verifying  : libmount-2.23.2-26.el7_2.3.x86_64                         88/175 
  Verifying  : libgudev1-219-19.el7_2.12.x86_64                          89/175 
  Verifying  : openssh-6.6.1p1-22.el7.x86_64                             90/175 
  Verifying  : glibc-common-2.17-106.el7_2.4.x86_64                      91/175 
  Verifying  : libxml2-python-2.9.1-6.el7_2.2.x86_64                     92/175 
  Verifying  : 12:dhcp-libs-4.2.5-42.el7.x86_64                          93/175 
  Verifying  : systemd-libs-219-19.el7_2.4.x86_64                        94/175 
  Verifying  : 1:mariadb-libs-5.5.44-2.el7.x86_64                        95/175 
  Verifying  : nss-3.19.1-19.el7_2.x86_64                                96/175 
  Verifying  : 1:NetworkManager-1.0.6-27.el7.x86_64                      97/175 
  Verifying  : selinux-policy-3.13.1-60.el7.noarch                       98/175 
  Verifying  : libblkid-2.23.2-26.el7.x86_64                             99/175 
  Verifying  : libndp-1.2-4.el7.x86_64                                  100/175 
  Verifying  : libgudev1-219-19.el7_2.4.x86_64                          101/175 
  Verifying  : curl-7.29.0-25.el7.x86_64                                102/175 
  Verifying  : 1:dbus-libs-1.6.12-13.el7.x86_64                         103/175 
  Verifying  : kpartx-0.4.9-85.el7.x86_64                               104/175 
  Verifying  : 7:device-mapper-1.02.107-5.el7_2.1.x86_64                105/175 
  Verifying  : kernel-tools-libs-3.10.0-327.10.1.el7.x86_64             106/175 
  Verifying  : 32:bind-license-9.9.4-29.el7_2.2.noarch                  107/175 
  Verifying  : chrony-2.1.1-1.el7.x86_64                                108/175 
  Verifying  : sudo-1.8.6p7-16.el7.x86_64                               109/175 
  Verifying  : nss-util-3.19.1-4.el7_1.x86_64                           110/175 
  Verifying  : cronie-1.4.11-14.el7.x86_64                              111/175 
  Verifying  : 1:NetworkManager-config-server-1.0.6-27.el7.x86_64       112/175 
  Verifying  : 1:dbus-1.6.12-13.el7.x86_64                              113/175 
  Verifying  : kexec-tools-2.0.7-38.el7.x86_64                          114/175 
  Verifying  : rpcbind-0.2.0-32.el7.x86_64                              115/175 
  Verifying  : nss-softokn-3.16.2.3-13.el7_1.x86_64                     116/175 
  Verifying  : 1:NetworkManager-tui-1.0.6-27.el7.x86_64                 117/175 
  Verifying  : 32:bind-libs-lite-9.9.4-29.el7_2.2.x86_64                118/175 
  Verifying  : libuuid-2.23.2-26.el7.x86_64                             119/175 
  Verifying  : 12:dhcp-common-4.2.5-42.el7.x86_64                       120/175 
  Verifying  : redhat-logos-70.0.3-4.el7.noarch                         121/175 
  Verifying  : systemd-219-19.el7_2.4.x86_64                            122/175 
  Verifying  : kernel-tools-3.10.0-327.10.1.el7.x86_64                  123/175 
  Verifying  : subscription-manager-1.15.9-15.el7.x86_64                124/175 
  Verifying  : dracut-config-rescue-033-360.el7_2.x86_64                125/175 
  Verifying  : 1:NetworkManager-team-1.0.6-27.el7.x86_64                126/175 
  Verifying  : cronie-anacron-1.4.11-14.el7.x86_64                      127/175 
  Verifying  : iproute-3.10.0-54.el7.x86_64                             128/175 
  Verifying  : 1:quota-nls-4.01-11.el7.noarch                           129/175 
  Verifying  : dracut-network-033-360.el7_2.x86_64                      130/175 
  Verifying  : libcurl-7.29.0-25.el7.x86_64                             131/175 
  Verifying  : util-linux-2.23.2-26.el7.x86_64                          132/175 
  Verifying  : yum-3.4.3-132.el7.noarch                                 133/175 
  Verifying  : libmount-2.23.2-26.el7.x86_64                            134/175 
  Verifying  : bash-4.2.46-19.el7.x86_64                                135/175 
  Verifying  : tuned-2.5.1-4.el7_2.2.noarch                             136/175 
  Verifying  : python-libs-2.7.5-34.el7.x86_64                          137/175 
  Verifying  : selinux-policy-targeted-3.13.1-60.el7.noarch             138/175 
  Verifying  : libtevent-0.9.25-1.el7.x86_64                            139/175 
  Verifying  : teamd-1.17-5.el7.x86_64                                  140/175 
  Verifying  : pcre-8.32-15.el7.x86_64                                  141/175 
  Verifying  : 1:NetworkManager-libnm-1.0.6-27.el7.x86_64               142/175 
  Verifying  : chkconfig-1.3.61-5.el7.x86_64                            143/175 
  Verifying  : logrotate-3.8.6-6.el7.x86_64                             144/175 
  Verifying  : dracut-config-generic-033-360.el7_2.x86_64               145/175 
  Verifying  : initscripts-9.49.30-1.el7.x86_64                         146/175 
  Verifying  : 1:openssl-libs-1.0.1e-51.el7_2.4.x86_64                  147/175 
  Verifying  : numactl-libs-2.0.9-5.el7_1.x86_64                        148/175 
  Verifying  : nss-sysinit-3.19.1-19.el7_2.x86_64                       149/175 
  Verifying  : python-2.7.5-34.el7.x86_64                               150/175 
  Verifying  : dracut-033-360.el7_2.x86_64                              151/175 
  Verifying  : 2:microcode_ctl-2.1-12.el7.x86_64                        152/175 
  Verifying  : libxml2-2.9.1-6.el7_2.2.x86_64                           153/175 
  Verifying  : 12:dhclient-4.2.5-42.el7.x86_64                          154/175 
  Verifying  : basesystem-10.0-7.el7.noarch                             155/175 
  Verifying  : libteam-1.17-5.el7.x86_64                                156/175 
  Verifying  : 1:openssl-1.0.1e-51.el7_2.4.x86_64                       157/175 
  Verifying  : libtalloc-2.1.2-1.el7.x86_64                             158/175 
  Verifying  : openssh-clients-6.6.1p1-22.el7.x86_64                    159/175 
  Verifying  : tzdata-2016a-1.el7.noarch                                160/175 
  Verifying  : 1:nfs-utils-1.3.0-0.21.el7.x86_64                        161/175 
  Verifying  : systemd-sysv-219-19.el7_2.4.x86_64                       162/175 
  Verifying  : nss-tools-3.19.1-19.el7_2.x86_64                         163/175 
  Verifying  : nss-softokn-freebl-3.16.2.3-13.el7_1.x86_64              164/175 
  Verifying  : 1:quota-4.01-11.el7.x86_64                               165/175 
  Verifying  : krb5-libs-1.13.2-10.el7.x86_64                           166/175 
  Verifying  : 7:device-mapper-libs-1.02.107-5.el7_2.1.x86_64           167/175 
  Verifying  : openssh-server-6.6.1p1-22.el7.x86_64                     168/175 
  Verifying  : python-perf-3.10.0-327.10.1.el7.x86_64                   169/175 
  Verifying  : gssproxy-0.4.1-7.el7.x86_64                              170/175 
  Verifying  : polkit-0.112-6.el7_2.x86_64                              171/175 
  Verifying  : openldap-2.4.40-8.el7.x86_64                             172/175 
  Verifying  : libssh2-1.4.3-10.el7.x86_64                              173/175 
  Verifying  : glibc-2.17-106.el7_2.4.x86_64                            174/175 
  Verifying  : nspr-4.10.8-2.el7_1.x86_64                               175/175 

Installed:
  centos-logos.noarch 0:70.0.6-3.el7.centos kernel.x86_64 0:3.10.0-327.28.3.el7

Dependency Installed:
  linux-firmware.noarch 0:20150904-43.git6ebf5d5.el7                            
  yum-plugin-fastestmirror.noarch 0:1.1.31-34.el7                               

Updated:
  NetworkManager.x86_64 1:1.0.6-30.el7_2                                        
  NetworkManager-config-server.x86_64 1:1.0.6-30.el7_2                          
  NetworkManager-libnm.x86_64 1:1.0.6-30.el7_2                                  
  NetworkManager-team.x86_64 1:1.0.6-30.el7_2                                   
  NetworkManager-tui.x86_64 1:1.0.6-30.el7_2                                    
  basesystem.noarch 0:10.0-7.el7.centos                                         
  bash.x86_64 0:4.2.46-20.el7_2                                                 
  bind-libs-lite.x86_64 32:9.9.4-29.el7_2.3                                     
  bind-license.noarch 32:9.9.4-29.el7_2.3                                       
  chkconfig.x86_64 0:1.3.61-5.el7_2.1                                           
  chrony.x86_64 0:2.1.1-1.el7.centos                                            
  cronie.x86_64 0:1.4.11-14.el7_2.1                                             
  cronie-anacron.x86_64 0:1.4.11-14.el7_2.1                                     
  curl.x86_64 0:7.29.0-25.el7.centos                                            
  dbus.x86_64 1:1.6.12-14.el7_2                                                 
  dbus-libs.x86_64 1:1.6.12-14.el7_2                                            
  device-mapper.x86_64 7:1.02.107-5.el7_2.5                                     
  device-mapper-libs.x86_64 7:1.02.107-5.el7_2.5                                
  dhclient.x86_64 12:4.2.5-42.el7.centos                                        
  dhcp-common.x86_64 12:4.2.5-42.el7.centos                                     
  dhcp-libs.x86_64 12:4.2.5-42.el7.centos                                       
  dracut.x86_64 0:033-360.el7_2.1                                               
  dracut-config-generic.x86_64 0:033-360.el7_2.1                                
  dracut-config-rescue.x86_64 0:033-360.el7_2.1                                 
  dracut-network.x86_64 0:033-360.el7_2.1                                       
  glibc.x86_64 0:2.17-106.el7_2.8                                               
  glibc-common.x86_64 0:2.17-106.el7_2.8                                        
  gssproxy.x86_64 0:0.4.1-8.el7_2                                               
  initscripts.x86_64 0:9.49.30-1.el7_2.3                                        
  iproute.x86_64 0:3.10.0-54.el7_2.1                                            
  kernel-tools.x86_64 0:3.10.0-327.28.3.el7                                     
  kernel-tools-libs.x86_64 0:3.10.0-327.28.3.el7                                
  kexec-tools.x86_64 0:2.0.7-38.el7_2.1                                         
  kpartx.x86_64 0:0.4.9-85.el7_2.5                                              
  krb5-libs.x86_64 0:1.13.2-12.el7_2                                            
  libblkid.x86_64 0:2.23.2-26.el7_2.3                                           
  libcurl.x86_64 0:7.29.0-25.el7.centos                                         
  libgudev1.x86_64 0:219-19.el7_2.12                                            
  libmount.x86_64 0:2.23.2-26.el7_2.3                                           
  libndp.x86_64 0:1.2-6.el7_2                                                   
  libssh2.x86_64 0:1.4.3-10.el7_2.1                                             
  libtalloc.x86_64 0:2.1.5-1.el7_2                                              
  libteam.x86_64 0:1.17-6.el7_2                                                 
  libtevent.x86_64 0:0.9.26-1.el7_2.1                                           
  libuuid.x86_64 0:2.23.2-26.el7_2.3                                            
  libxml2.x86_64 0:2.9.1-6.el7_2.3                                              
  libxml2-python.x86_64 0:2.9.1-6.el7_2.3                                       
  logrotate.x86_64 0:3.8.6-7.el7_2                                              
  mariadb-libs.x86_64 1:5.5.50-1.el7_2                                          
  microcode_ctl.x86_64 2:2.1-12.el7_2.1                                         
  nfs-utils.x86_64 1:1.3.0-0.21.el7_2.1                                         
  nspr.x86_64 0:4.11.0-1.el7_2                                                  
  nss.x86_64 0:3.21.0-9.el7_2                                                   
  nss-softokn.x86_64 0:3.16.2.3-14.2.el7_2                                      
  nss-softokn-freebl.x86_64 0:3.16.2.3-14.2.el7_2                               
  nss-sysinit.x86_64 0:3.21.0-9.el7_2                                           
  nss-tools.x86_64 0:3.21.0-9.el7_2                                             
  nss-util.x86_64 0:3.21.0-2.2.el7_2                                            
  numactl-libs.x86_64 0:2.0.9-6.el7_2                                           
  openldap.x86_64 0:2.4.40-9.el7_2                                              
  openssh.x86_64 0:6.6.1p1-25.el7_2                                             
  openssh-clients.x86_64 0:6.6.1p1-25.el7_2                                     
  openssh-server.x86_64 0:6.6.1p1-25.el7_2                                      
  openssl.x86_64 1:1.0.1e-51.el7_2.5                                            
  openssl-libs.x86_64 1:1.0.1e-51.el7_2.5                                       
  pcre.x86_64 0:8.32-15.el7_2.1                                                 
  polkit.x86_64 0:0.112-7.el7_2                                                 
  python.x86_64 0:2.7.5-38.el7_2                                                
  python-libs.x86_64 0:2.7.5-38.el7_2                                           
  python-perf.x86_64 0:3.10.0-327.28.3.el7                                      
  quota.x86_64 1:4.01-11.el7_2.1                                                
  quota-nls.noarch 1:4.01-11.el7_2.1                                            
  rpcbind.x86_64 0:0.2.0-33.el7_2.1                                             
  selinux-policy.noarch 0:3.13.1-60.el7_2.7                                     
  selinux-policy-targeted.noarch 0:3.13.1-60.el7_2.7                            
  subscription-manager.x86_64 0:1.15.9-15.el7.centos.0.1                        
  sudo.x86_64 0:1.8.6p7-17.el7_2                                                
  systemd.x86_64 0:219-19.el7_2.12                                              
  systemd-libs.x86_64 0:219-19.el7_2.12                                         
  systemd-sysv.x86_64 0:219-19.el7_2.12                                         
  teamd.x86_64 0:1.17-6.el7_2                                                   
  tuned.noarch 0:2.5.1-4.el7_2.3                                                
  tzdata.noarch 0:2016f-1.el7                                                   
  util-linux.x86_64 0:2.23.2-26.el7_2.3                                         
  yum.noarch 0:3.4.3-132.el7.centos.0.1                                         

Replaced:
  redhat-logos.noarch 0:70.0.3-4.el7                                            

Complete!
[cloud-user@kubernetes-worker-2 yum.repos.d]$ cd
[cloud-user@kubernetes-worker-2 ~]$ cd docker/
[cloud-user@kubernetes-worker-2 docker]$ rpm -ivh lib
libseccomp-2.2.1-1.el7.x86_64.rpm     libtool-ltdl-2.4.2-20.el7.x86_64.rpm
[cloud-user@kubernetes-worker-2 docker]$ rpm -ivh libseccomp-2.2.1-1.el7.x86_64.rpm 
오류: can't create transaction lock on /var/lib/rpm/.rpm.lock (허가 거부)
[cloud-user@kubernetes-worker-2 docker]$ sudo rpm -ivh libseccomp-2.2.1-1.el7.x86_64.rpm 
준비 중...                         ################################# [100%]
Updating / installing...
   1:libseccomp-2.2.1-1.el7           ################################# [100%]
[cloud-user@kubernetes-worker-2 docker]$ sudo rpm -ivh libtool-ltdl-2.4.2-20.el7.x86_64.rpm 
준비 중...                         ################################# [100%]
Updating / installing...
   1:libtool-ltdl-2.4.2-20.el7        ################################# [100%]
[cloud-user@kubernetes-worker-2 docker]$ sudo rpm -ivh docker-engine-selinux-1.12.1-1.el7.centos.noarch.rpm 
경고: docker-engine-selinux-1.12.1-1.el7.centos.noarch.rpm: Header V4 RSA/SHA512 Signature, key ID 2c52609d: NOKEY
준비 중...                         ################################# [100%]
Updating / installing...
   1:docker-engine-selinux-1.12.1-1.el################################# [100%]
restorecon:  lstat(/var/lib/docker) failed:  No such file or directory
경고: %post(docker-engine-selinux-1.12.1-1.el7.centos.noarch) scriptlet failed, exit status 255
[cloud-user@kubernetes-worker-2 docker]$ sudo rpm -ivh docker-engine-1.12.0-1.el7.centos.x86_64.rpm 
경고: docker-engine-1.12.0-1.el7.centos.x86_64.rpm: Header V4 RSA/SHA512 Signature, key ID 2c52609d: NOKEY
준비 중...                         ################################# [100%]
Updating / installing...
   1:docker-engine-1.12.0-1.el7.centos################################# [100%]
[cloud-user@kubernetes-worker-2 docker]$ sudo usermod -aG docker $(whoami)
[cloud-user@kubernetes-worker-2 docker]$ openssl genrsa -aes256 -out ca-key.pem 4096
Generating RSA private key, 4096 bit long modulus
..................................++
............................................................................................................................................................++
e is 65537 (0x10001)
Enter pass phrase for ca-key.pem:
140636002650016:error:28069065:lib(40):UI_set_result:result too small:ui_lib.c:869:You must type in 4 to 8191 characters
Enter pass phrase for ca-key.pem:
Verifying - Enter pass phrase for ca-key.pem:
[cloud-user@kubernetes-worker-2 docker]$ openssl req -new -x509 -days 365 -key ca-key.pem -sha256 -out ca.pem
Enter pass phrase for ca-key.pem:
You are about to be asked to enter information that will be incorporated
into your certificate request.
What you are about to enter is what is called a Distinguished Name or a DN.
There are quite a few fields but you can leave some blank
For some fields there will be a default value,
If you enter '.', the field will be left blank.
-----
Country Name (2 letter code) [XX]:KR
State or Province Name (full name) []:Daejeon
Locality Name (eg, city) [Default City]:Yuseong
Organization Name (eg, company) [Default Company Ltd]:Selim TSG
Organizational Unit Name (eg, section) []:Tech Lab
Common Name (eg, your name or your server's hostname) []:localhost
Email Address []:kimsy@selim.co.kr
[cloud-user@kubernetes-worker-2 docker]$ openssl genrsa -out server-key.pem 4096
Generating RSA private key, 4096 bit long modulus
..........................................................................++
..........++
e is 65537 (0x10001)
[cloud-user@kubernetes-worker-2 docker]$ ls
ca-key.pem
ca.pem
ca.srl
docker-engine-1.12.0-1.el7.centos.x86_64.rpm
docker-engine-selinux-1.12.1-1.el7.centos.noarch.rpm
extfile.cnf
libseccomp-2.2.1-1.el7.x86_64.rpm
libtool-ltdl-2.4.2-20.el7.x86_64.rpm
server-key.pem
[cloud-user@kubernetes-worker-2 docker]$ rm -f ca-key.pem 
[cloud-user@kubernetes-worker-2 docker]$ rm -f ca.pem 
[cloud-user@kubernetes-worker-2 docker]$ rm -f ca.srl 
[cloud-user@kubernetes-worker-2 docker]$ rm -f server-key.pem 
[cloud-user@kubernetes-worker-2 docker]$ cat extfile.cnf
extendedKeyUsage = clientAuth
[cloud-user@kubernetes-worker-2 docker]$ openssl genrsa -aes256 -out ca-key.pem 4096
Generating RSA private key, 4096 bit long modulus
...............++
................................................++
e is 65537 (0x10001)
Enter pass phrase for ca-key.pem:
Verifying - Enter pass phrase for ca-key.pem:
[cloud-user@kubernetes-worker-2 docker]$ openssl req -new -x509 -days 365 -key ca-key.pem -sha256 -out ca.pem
Enter pass phrase for ca-key.pem:
You are about to be asked to enter information that will be incorporated
into your certificate request.
What you are about to enter is what is called a Distinguished Name or a DN.
There are quite a few fields but you can leave some blank
For some fields there will be a default value,
If you enter '.', the field will be left blank.
-----
Country Name (2 letter code) [XX]:KR
State or Province Name (full name) []:Daejeon
Locality Name (eg, city) [Default City]:Yuseong
Organization Name (eg, company) [Default Company Ltd]:Selim TSG
Organizational Unit Name (eg, section) []:Tech Lab
Common Name (eg, your name or your server's hostname) []:localhost
Email Address []:kimsy@selim.co.kr
[cloud-user@kubernetes-worker-2 docker]$ ;s
-bash: syntax error near unexpected token `;'
[cloud-user@kubernetes-worker-2 docker]$ ls
ca-key.pem
ca.pem
docker-engine-1.12.0-1.el7.centos.x86_64.rpm
docker-engine-selinux-1.12.1-1.el7.centos.noarch.rpm
extfile.cnf
libseccomp-2.2.1-1.el7.x86_64.rpm
libtool-ltdl-2.4.2-20.el7.x86_64.rpm
[cloud-user@kubernetes-worker-2 docker]$ openssl genrsa -out server-key.pem 4096
Generating RSA private key, 4096 bit long modulus
.......................................................................................................................................................................................++
.........................++
e is 65537 (0x10001)
[cloud-user@kubernetes-worker-2 docker]$ openssl req -subj "/CN=localhost" -sha256 -new -key server-key.pem -out server.csr
[cloud-user@kubernetes-worker-2 docker]$ rm -f extfile.cnf 
[cloud-user@kubernetes-worker-2 docker]$ echo subjectAltName = IP:127.0.0.1 > extfile.cnf
[cloud-user@kubernetes-worker-2 docker]$ openssl x509 -req -days 365 -sha256 -in server.csr -CA ca.pem -CAkey ca-key.pem -CAcreateserial -out server-cert.pem -extfile extfile.cnf
Signature ok
subject=/CN=localhost
Getting CA Private Key
Enter pass phrase for ca-key.pem:
[cloud-user@kubernetes-worker-2 docker]$ open genrsa -out key.pem 4096
open: 부적절한 옵션 -- 'o'
Usage: open [OPTIONS] -- command

This utility help you to start a program on a new virtual terminal (VT).

Options:
  -c, --console=NUM   use the given VT number;
  -e, --exec          execute the command, without forking;
  -f, --force         force opening a VT without checking;
  -l, --login         make the command a login shell;
  -u, --user          figure out the owner of the current VT;
  -s, --switch        switch to the new VT;
  -w, --wait          wait for command to complete;
  -v, --verbose       print a message for each action;
  -V, --version       print program version and exit;
  -h, --help          output a brief help message.

[cloud-user@kubernetes-worker-2 docker]$ openssl genrsa -out key.pem 4096
Generating RSA private key, 4096 bit long modulus
........................................................................................................++
................++
e is 65537 (0x10001)
[cloud-user@kubernetes-worker-2 docker]$ openssl req -subj '/CN=client' -new -key key.pem -out client.csr
[cloud-user@kubernetes-worker-2 docker]$ echo extendedKeyUsage = clientAuth > extfile.cnf
[cloud-user@kubernetes-worker-2 docker]$ cat extfile.cnf 
extendedKeyUsage = clientAuth
[cloud-user@kubernetes-worker-2 docker]$ openssl x509 -req -days 365 -sha256 -in client.csr -CA ca.pem -CAkey ca-key.pem -CAcreateserial -out cert.pem -extfile extfile.cnf
Signature ok
subject=/CN=client
Getting CA Private Key
Enter pass phrase for ca-key.pem:
[cloud-user@kubernetes-worker-2 docker]$ rm -v client.csr server.csr 
removed `client.csr'
removed `server.csr'
[cloud-user@kubernetes-worker-2 docker]$ chmod -v 0400 ca-key.pem key.pem server-key.pem 
mode of `ca-key.pem' changed from 0664 (rw-rw-r--) to 0400 (r--------)
mode of `key.pem' changed from 0664 (rw-rw-r--) to 0400 (r--------)
mode of `server-key.pem' changed from 0664 (rw-rw-r--) to 0400 (r--------)
[cloud-user@kubernetes-worker-2 docker]$ chmod -v 0444 ca.pem server-cert.pem cert.pem 
mode of `ca.pem' changed from 0664 (rw-rw-r--) to 0444 (r--r--r--)
mode of `server-cert.pem' changed from 0664 (rw-rw-r--) to 0444 (r--r--r--)
mode of `cert.pem' changed from 0664 (rw-rw-r--) to 0444 (r--r--r--)
[cloud-user@kubernetes-worker-2 docker]$ sudo vi /usr/lib/systemd/system/docker.service 
[cloud-user@kubernetes-worker-2 docker]$ pwd
/home/cloud-user/docker
[cloud-user@kubernetes-worker-2 docker]$ sudo vi /usr/lib/systemd/system/docker.service 
[cloud-user@kubernetes-worker-2 docker]$ cd
[cloud-user@kubernetes-worker-2 ~]$ ls
docker
[cloud-user@kubernetes-worker-2 ~]$ ls -al
합계 24
drwx------. 5 cloud-user cloud-user 4096  8월 30 03:37 .
drwxr-xr-x. 3 root       root         23  8월 30 02:37 ..
-rw-r--r--. 1 cloud-user cloud-user   18  7월  8  2015 .bash_logout
-rw-r--r--. 1 cloud-user cloud-user  193  7월  8  2015 .bash_profile
-rw-r--r--. 1 cloud-user cloud-user  231  7월  8  2015 .bashrc
drwxrwxr-x. 3 cloud-user cloud-user   63  8월 30 02:41 .docker
-rw-------. 1 cloud-user cloud-user 1024  8월 30 03:48 .rnd
drwx------. 2 cloud-user cloud-user   28  8월 30 02:37 .ssh
drwxrwxr-x. 2 cloud-user cloud-user 4096  8월 30 03:48 docker
[cloud-user@kubernetes-worker-2 ~]$ cd .docker/
[cloud-user@kubernetes-worker-2 .docker]$ ls
ca.pem  cert.pem  key.pem  registry
[cloud-user@kubernetes-worker-2 .docker]$ ls -al
합계 16
drwxrwxr-x. 3 cloud-user cloud-user   63  8월 30 02:41 .
drwx------. 5 cloud-user cloud-user 4096  8월 30 03:37 ..
-r--r--r--. 1 cloud-user cloud-user 1968  8월 30 02:41 ca.pem
-r--r--r--. 1 cloud-user cloud-user 1797  8월 30 02:41 cert.pem
-r--------. 1 cloud-user cloud-user 3243  8월 30 02:41 key.pem
drwxrwxr-x. 2 cloud-user cloud-user   41  8월 30 02:41 registry
[cloud-user@kubernetes-worker-2 .docker]$ cd
[cloud-user@kubernetes-worker-2 ~]$ rm -rf .docker
[cloud-user@kubernetes-worker-2 ~]$ cd docker
[cloud-user@kubernetes-worker-2 docker]$ mkdir -pv ~/.docker
mkdir: created directory `/home/cloud-user/.docker'
[cloud-user@kubernetes-worker-2 docker]$ cp -v {ca.cert.key}.pem ~/.docker
cp: cannot stat `{ca.cert.key}.pem': 그런 파일이나 디렉터리가 없습니다
[cloud-user@kubernetes-worker-2 docker]$ ls
ca-key.pem
ca.pem
ca.srl
cert.pem
docker-engine-1.12.0-1.el7.centos.x86_64.rpm
docker-engine-selinux-1.12.1-1.el7.centos.noarch.rpm
extfile.cnf
key.pem
libseccomp-2.2.1-1.el7.x86_64.rpm
libtool-ltdl-2.4.2-20.el7.x86_64.rpm
server-cert.pem
server-key.pem
[cloud-user@kubernetes-worker-2 docker]$ cp -v {ca.cert.key}.pem ~/.docker
cp: cannot stat `{ca.cert.key}.pem': 그런 파일이나 디렉터리가 없습니다
[cloud-user@kubernetes-worker-2 docker]$ cp -v {ca,cert,key}.pem ~/.docker
`ca.pem' -> `/home/cloud-user/.docker/ca.pem'
`cert.pem' -> `/home/cloud-user/.docker/cert.pem'
`key.pem' -> `/home/cloud-user/.docker/key.pem'
[cloud-user@kubernetes-worker-2 docker]$ sudo vi /home/cloud-user/.bash_profile 
[cloud-user@kubernetes-worker-2 docker]$ cd
[cloud-user@kubernetes-worker-2 ~]$ source .bash_profile 
[cloud-user@kubernetes-worker-2 ~]$ systemctl start docker
==== AUTHENTICATING FOR org.freedesktop.systemd1.manage-units ===
Authentication is required to manage system services or units.
Authenticating as: Cloud User (cloud-user)
Password: 
==== AUTHENTICATION COMPLETE ===
Failed to start docker.service: Unit docker.service failed to load: Invalid argument. See system logs and 'systemctl status docker.service' for details.
[cloud-user@kubernetes-worker-2 ~]$ systemctl daemon-reload
==== AUTHENTICATING FOR org.freedesktop.systemd1.reload-daemon ===
Authentication is required to reload the systemd state.
Authenticating as: Cloud User (cloud-user)
Password: 
==== AUTHENTICATION COMPLETE ===
[cloud-user@kubernetes-worker-2 ~]$ systemctl start docker
==== AUTHENTICATING FOR org.freedesktop.systemd1.manage-units ===
Authentication is required to manage system services or units.
Authenticating as: Cloud User (cloud-user)
Password: 
==== AUTHENTICATION COMPLETE ===
Failed to start docker.service: Unit docker.service failed to load: Invalid argument. See system logs and 'systemctl status docker.service' for details.
[cloud-user@kubernetes-worker-2 ~]$ systemctl status docker.service
● docker.service - Docker Application Container Engine
   Loaded: error (Reason: Invalid argument)
   Active: inactive (dead)
     Docs: https://docs.docker.com

 8월 30 03:58:40 kubernetes-worker-2.novalocal systemd[1]: [/usr/lib/systemd...
 8월 30 03:58:40 kubernetes-worker-2.novalocal systemd[1]: docker.service la...
 8월 30 03:59:29 kubernetes-worker-2.novalocal systemd[1]: [/usr/lib/systemd...
 8월 30 03:59:29 kubernetes-worker-2.novalocal systemd[1]: docker.service la...
 8월 30 03:59:40 kubernetes-worker-2.novalocal systemd[1]: [/usr/lib/systemd...
 8월 30 03:59:40 kubernetes-worker-2.novalocal systemd[1]: docker.service la...
Hint: Some lines were ellipsized, use -l to show in full.
[cloud-user@kubernetes-worker-2 ~]$ sudo vi /usr/lib/systemd/system/docker.service 
[cloud-user@kubernetes-worker-2 ~]$ systemctl daemon-reload
==== AUTHENTICATING FOR org.freedesktop.systemd1.reload-daemon ===
Authentication is required to reload the systemd state.
Authenticating as: Cloud User (cloud-user)
Password: 
==== AUTHENTICATION COMPLETE ===
[cloud-user@kubernetes-worker-2 ~]$ systemctl start docker
==== AUTHENTICATING FOR org.freedesktop.systemd1.manage-units ===
Authentication is required to manage system services or units.
Authenticating as: Cloud User (cloud-user)
Password: 
==== AUTHENTICATION COMPLETE ===
Failed to start docker.service: Unit docker.service failed to load: Invalid argument. See system logs and 'systemctl status docker.service' for details.
[cloud-user@kubernetes-worker-2 ~]$ systemctl restart docker
==== AUTHENTICATING FOR org.freedesktop.systemd1.manage-units ===
Authentication is required to manage system services or units.
Authenticating as: Cloud User (cloud-user)
Password: 
==== AUTHENTICATION COMPLETE ===
Failed to restart docker.service: Unit docker.service failed to load: Invalid argument. See system logs and 'systemctl status docker.service' for details.
[cloud-user@kubernetes-worker-2 ~]$ sudo journalctl -r -u docker
-- Logs begin at 화 2016-08-30 02:37:05 EDT, end at 화 2016-08-30 04:03:32 EDT. --
 8월 30 04:02:45 kubernetes-worker-2.novalocal systemd[1]: docker.service lacks both ExecStart= and ExecStop= setting
 8월 30 04:02:45 kubernetes-worker-2.novalocal systemd[1]: [/usr/lib/systemd/system/docker.service:11] Executable pat
 8월 30 04:02:34 kubernetes-worker-2.novalocal systemd[1]: docker.service lacks both ExecStart= and ExecStop= setting
 8월 30 04:02:34 kubernetes-worker-2.novalocal systemd[1]: [/usr/lib/systemd/system/docker.service:11] Executable pat
 8월 30 03:59:40 kubernetes-worker-2.novalocal systemd[1]: docker.service lacks both ExecStart= and ExecStop= setting
 8월 30 03:59:40 kubernetes-worker-2.novalocal systemd[1]: [/usr/lib/systemd/system/docker.service:11] Executable pat
 8월 30 03:59:29 kubernetes-worker-2.novalocal systemd[1]: docker.service lacks both ExecStart= and ExecStop= setting
 8월 30 03:59:29 kubernetes-worker-2.novalocal systemd[1]: [/usr/lib/systemd/system/docker.service:11] Executable pat
 8월 30 03:58:40 kubernetes-worker-2.novalocal systemd[1]: docker.service lacks both ExecStart= and ExecStop= setting
 8월 30 03:58:40 kubernetes-worker-2.novalocal systemd[1]: [/usr/lib/systemd/system/docker.service:11] Executable pat
lines 1-11/11 (END)

















































-- Logs begin at 화 2016-08-30 02:37:05 EDT, end at 화 2016-08-30 04:03:32 EDT. --
 8월 30 04:02:45 kubernetes-worker-2.novalocal systemd[1]: docker.service lacks both ExecStart= and ExecStop= setting. Refu
 8월 30 04:02:45 kubernetes-worker-2.novalocal systemd[1]: [/usr/lib/systemd/system/docker.service:11] Executable path is n
 8월 30 04:02:34 kubernetes-worker-2.novalocal systemd[1]: docker.service lacks both ExecStart= and ExecStop= setting. Refu
 8월 30 04:02:34 kubernetes-worker-2.novalocal systemd[1]: [/usr/lib/systemd/system/docker.service:11] Executable path is n
 8월 30 03:59:40 kubernetes-worker-2.novalocal systemd[1]: docker.service lacks both ExecStart= and ExecStop= setting. Refu
 8월 30 03:59:40 kubernetes-worker-2.novalocal systemd[1]: [/usr/lib/systemd/system/docker.service:11] Executable path is n
 8월 30 03:59:29 kubernetes-worker-2.novalocal systemd[1]: docker.service lacks both ExecStart= and ExecStop= setting. Refu
 8월 30 03:59:29 kubernetes-worker-2.novalocal systemd[1]: [/usr/lib/systemd/system/docker.service:11] Executable path is n
 8월 30 03:58:40 kubernetes-worker-2.novalocal systemd[1]: docker.service lacks both ExecStart= and ExecStop= setting. Refu
 8월 30 03:58:40 kubernetes-worker-2.novalocal systemd[1]: [/usr/lib/systemd/system/docker.service:11] Executable path is n
~
~
~
~
~
~
~
~
~
~
~
~
~
~
~
~
~
~
~
~
~
~
~
~
~
~
~
~
~
~
~
~
~
~
~
~
~
lines 1-11/11 (END)

















































-- Logs begin at 화 2016-08-30 02:37:05 EDT, end at 화 2016-08-30 04:03:32 EDT. --
 8월 30 04:02:45 kubernetes-worker-2.novalocal systemd[1]: docker.service lacks both ExecStart= and ExecStop= setting. Refusing.
 8월 30 04:02:45 kubernetes-worker-2.novalocal systemd[1]: [/usr/lib/systemd/system/docker.service:11] Executable path is not abso
 8월 30 04:02:34 kubernetes-worker-2.novalocal systemd[1]: docker.service lacks both ExecStart= and ExecStop= setting. Refusing.
 8월 30 04:02:34 kubernetes-worker-2.novalocal systemd[1]: [/usr/lib/systemd/system/docker.service:11] Executable path is not abso
 8월 30 03:59:40 kubernetes-worker-2.novalocal systemd[1]: docker.service lacks both ExecStart= and ExecStop= setting. Refusing.
 8월 30 03:59:40 kubernetes-worker-2.novalocal systemd[1]: [/usr/lib/systemd/system/docker.service:11] Executable path is not abso
 8월 30 03:59:29 kubernetes-worker-2.novalocal systemd[1]: docker.service lacks both ExecStart= and ExecStop= setting. Refusing.
 8월 30 03:59:29 kubernetes-worker-2.novalocal systemd[1]: [/usr/lib/systemd/system/docker.service:11] Executable path is not abso
 8월 30 03:58:40 kubernetes-worker-2.novalocal systemd[1]: docker.service lacks both ExecStart= and ExecStop= setting. Refusing.
 8월 30 03:58:40 kubernetes-worker-2.novalocal systemd[1]: [/usr/lib/systemd/system/docker.service:11] Executable path is not abso
~
~
~
~
~
~
~
~
~
~
~
~
~
~
~
~
~
~
~
~
~
~
~
~
~
~
~
~
~
~
~
~
~
~
~
~
~
lines 1-11/11 (END)

















































-- Logs begin at 화 2016-08-30 02:37:05 EDT, end at 화 2016-08-30 04:03:32 EDT. --
 8월 30 04:02:45 kubernetes-worker-2.novalocal systemd[1]: docker.service lacks both ExecStart= and ExecStop= setting. Refusing.
 8월 30 04:02:45 kubernetes-worker-2.novalocal systemd[1]: [/usr/lib/systemd/system/docker.service:11] Executable path is not absolute, ig
 8월 30 04:02:34 kubernetes-worker-2.novalocal systemd[1]: docker.service lacks both ExecStart= and ExecStop= setting. Refusing.
 8월 30 04:02:34 kubernetes-worker-2.novalocal systemd[1]: [/usr/lib/systemd/system/docker.service:11] Executable path is not absolute, ig
 8월 30 03:59:40 kubernetes-worker-2.novalocal systemd[1]: docker.service lacks both ExecStart= and ExecStop= setting. Refusing.
 8월 30 03:59:40 kubernetes-worker-2.novalocal systemd[1]: [/usr/lib/systemd/system/docker.service:11] Executable path is not absolute, ig
 8월 30 03:59:29 kubernetes-worker-2.novalocal systemd[1]: docker.service lacks both ExecStart= and ExecStop= setting. Refusing.
 8월 30 03:59:29 kubernetes-worker-2.novalocal systemd[1]: [/usr/lib/systemd/system/docker.service:11] Executable path is not absolute, ig
 8월 30 03:58:40 kubernetes-worker-2.novalocal systemd[1]: docker.service lacks both ExecStart= and ExecStop= setting. Refusing.
 8월 30 03:58:40 kubernetes-worker-2.novalocal systemd[1]: [/usr/lib/systemd/system/docker.service:11] Executable path is not absolute, ig
~
~
~
~
~
~
~
~
~
~
~
~
~
~
~
~
~
~
~
~
~
~
~
~
~
~
~
~
~
~
~
~
~
~
~
~
~
lines 1-11/11 (END)

















































-- Logs begin at 화 2016-08-30 02:37:05 EDT, end at 화 2016-08-30 04:03:32 EDT. --
 8월 30 04:02:45 kubernetes-worker-2.novalocal systemd[1]: docker.service lacks both ExecStart= and ExecStop= setting. Refusing.
 8월 30 04:02:45 kubernetes-worker-2.novalocal systemd[1]: [/usr/lib/systemd/system/docker.service:11] Executable path is not absolute, ignoring: 
 8월 30 04:02:34 kubernetes-worker-2.novalocal systemd[1]: docker.service lacks both ExecStart= and ExecStop= setting. Refusing.
 8월 30 04:02:34 kubernetes-worker-2.novalocal systemd[1]: [/usr/lib/systemd/system/docker.service:11] Executable path is not absolute, ignoring: 
 8월 30 03:59:40 kubernetes-worker-2.novalocal systemd[1]: docker.service lacks both ExecStart= and ExecStop= setting. Refusing.
 8월 30 03:59:40 kubernetes-worker-2.novalocal systemd[1]: [/usr/lib/systemd/system/docker.service:11] Executable path is not absolute, ignoring: 
 8월 30 03:59:29 kubernetes-worker-2.novalocal systemd[1]: docker.service lacks both ExecStart= and ExecStop= setting. Refusing.
 8월 30 03:59:29 kubernetes-worker-2.novalocal systemd[1]: [/usr/lib/systemd/system/docker.service:11] Executable path is not absolute, ignoring: 
 8월 30 03:58:40 kubernetes-worker-2.novalocal systemd[1]: docker.service lacks both ExecStart= and ExecStop= setting. Refusing.
 8월 30 03:58:40 kubernetes-worker-2.novalocal systemd[1]: [/usr/lib/systemd/system/docker.service:11] Executable path is not absolute, ignoring: 
~
~
~
~
~
~
~
~
~
~
~
~
~
~
~
~
~
~
~
~
~
~
~
~
~
~
~
~
~
~
~
~
~
~
~
~
~
lines 1-11/11 (END)

















































-- Logs begin at 화 2016-08-30 02:37:05 EDT, end at 화 2016-08-30 04:03:32 EDT. --
 8월 30 04:02:45 kubernetes-worker-2.novalocal systemd[1]: docker.service lacks both ExecStart= and ExecStop= setting. Refusing.
 8월 30 04:02:45 kubernetes-worker-2.novalocal systemd[1]: [/usr/lib/systemd/system/docker.service:11] Executable path is not absolute, ignoring: dockerd
 8월 30 04:02:34 kubernetes-worker-2.novalocal systemd[1]: docker.service lacks both ExecStart= and ExecStop= setting. Refusing.
 8월 30 04:02:34 kubernetes-worker-2.novalocal systemd[1]: [/usr/lib/systemd/system/docker.service:11] Executable path is not absolute, ignoring: dockerd
 8월 30 03:59:40 kubernetes-worker-2.novalocal systemd[1]: docker.service lacks both ExecStart= and ExecStop= setting. Refusing.
 8월 30 03:59:40 kubernetes-worker-2.novalocal systemd[1]: [/usr/lib/systemd/system/docker.service:11] Executable path is not absolute, ignoring: dockerd
 8월 30 03:59:29 kubernetes-worker-2.novalocal systemd[1]: docker.service lacks both ExecStart= and ExecStop= setting. Refusing.
 8월 30 03:59:29 kubernetes-worker-2.novalocal systemd[1]: [/usr/lib/systemd/system/docker.service:11] Executable path is not absolute, ignoring: dockerd
 8월 30 03:58:40 kubernetes-worker-2.novalocal systemd[1]: docker.service lacks both ExecStart= and ExecStop= setting. Refusing.
 8월 30 03:58:40 kubernetes-worker-2.novalocal systemd[1]: [/usr/lib/systemd/system/docker.service:11] Executable path is not absolute, ignoring: dockerd
~
~
~
~
~
~
~
~
~
~
~
~
~
~
~
~
~
~
~
~
~
~
~
~
~
~
~
~
~
~
~
~
~
~
~
~
~
lines 1-11/11 (END)

















































-- Logs begin at 화 2016-08-30 02:37:05 EDT, end at 화 2016-08-30 04:03:32 EDT. --
 8월 30 04:02:45 kubernetes-worker-2.novalocal systemd[1]: docker.service lacks both ExecStart= and ExecStop= setting. Refusing.
 8월 30 04:02:45 kubernetes-worker-2.novalocal systemd[1]: [/usr/lib/systemd/system/docker.service:11] Executable path is not absolute, ignoring: dockerd daemon 
 8월 30 04:02:34 kubernetes-worker-2.novalocal systemd[1]: docker.service lacks both ExecStart= and ExecStop= setting. Refusing.
 8월 30 04:02:34 kubernetes-worker-2.novalocal systemd[1]: [/usr/lib/systemd/system/docker.service:11] Executable path is not absolute, ignoring: dockerd daemon 
 8월 30 03:59:40 kubernetes-worker-2.novalocal systemd[1]: docker.service lacks both ExecStart= and ExecStop= setting. Refusing.
 8월 30 03:59:40 kubernetes-worker-2.novalocal systemd[1]: [/usr/lib/systemd/system/docker.service:11] Executable path is not absolute, ignoring: dockerd daemon 
 8월 30 03:59:29 kubernetes-worker-2.novalocal systemd[1]: docker.service lacks both ExecStart= and ExecStop= setting. Refusing.
 8월 30 03:59:29 kubernetes-worker-2.novalocal systemd[1]: [/usr/lib/systemd/system/docker.service:11] Executable path is not absolute, ignoring: dockerd daemon 
 8월 30 03:58:40 kubernetes-worker-2.novalocal systemd[1]: docker.service lacks both ExecStart= and ExecStop= setting. Refusing.
 8월 30 03:58:40 kubernetes-worker-2.novalocal systemd[1]: [/usr/lib/systemd/system/docker.service:11] Executable path is not absolute, ignoring: dockerd daemon 
~
~
~
~
~
~
~
~
~
~
~
~
~
~
~
~
~
~
~
~
~
~
~
~
~
~
~
~
~
~
~
~
~
~
~
~
~
lines 1-11/11 (END)

















































-- Logs begin at 화 2016-08-30 02:37:05 EDT, end at 화 2016-08-30 04:03:32 EDT. --
 8월 30 04:02:45 kubernetes-worker-2.novalocal systemd[1]: docker.service lacks both ExecStart= and ExecStop= setting. Refusing.
 8월 30 04:02:45 kubernetes-worker-2.novalocal systemd[1]: [/usr/lib/systemd/system/docker.service:11] Executable path is not absolute, ignoring: dockerd daemon --tlsverif
 8월 30 04:02:34 kubernetes-worker-2.novalocal systemd[1]: docker.service lacks both ExecStart= and ExecStop= setting. Refusing.
 8월 30 04:02:34 kubernetes-worker-2.novalocal systemd[1]: [/usr/lib/systemd/system/docker.service:11] Executable path is not absolute, ignoring: dockerd daemon --tlsverif
 8월 30 03:59:40 kubernetes-worker-2.novalocal systemd[1]: docker.service lacks both ExecStart= and ExecStop= setting. Refusing.
 8월 30 03:59:40 kubernetes-worker-2.novalocal systemd[1]: [/usr/lib/systemd/system/docker.service:11] Executable path is not absolute, ignoring: dockerd daemon --tlsverif
 8월 30 03:59:29 kubernetes-worker-2.novalocal systemd[1]: docker.service lacks both ExecStart= and ExecStop= setting. Refusing.
 8월 30 03:59:29 kubernetes-worker-2.novalocal systemd[1]: [/usr/lib/systemd/system/docker.service:11] Executable path is not absolute, ignoring: dockerd daemon --tlsverif
 8월 30 03:58:40 kubernetes-worker-2.novalocal systemd[1]: docker.service lacks both ExecStart= and ExecStop= setting. Refusing.
 8월 30 03:58:40 kubernetes-worker-2.novalocal systemd[1]: [/usr/lib/systemd/system/docker.service:11] Executable path is not absolute, ignoring: dockerd daemon --tlsverif
~
~
~
~
~
~
~
~
~
~
~
~
~
~
~
~
~
~
~
~
~
~
~
~
~
~
~
~
~
~
~
~
~
~
~
~
~
lines 1-11/11 (END)

















































-- Logs begin at 화 2016-08-30 02:37:05 EDT, end at 화 2016-08-30 04:03:32 EDT. --
 8월 30 04:02:45 kubernetes-worker-2.novalocal systemd[1]: docker.service lacks both ExecStart= and ExecStop= setting. Refusing.
 8월 30 04:02:45 kubernetes-worker-2.novalocal systemd[1]: [/usr/lib/systemd/system/docker.service:11] Executable path is not absolute, ignoring: dockerd daemon --tlsverify --tlscacer
 8월 30 04:02:34 kubernetes-worker-2.novalocal systemd[1]: docker.service lacks both ExecStart= and ExecStop= setting. Refusing.
 8월 30 04:02:34 kubernetes-worker-2.novalocal systemd[1]: [/usr/lib/systemd/system/docker.service:11] Executable path is not absolute, ignoring: dockerd daemon --tlsverify --tlscacer
 8월 30 03:59:40 kubernetes-worker-2.novalocal systemd[1]: docker.service lacks both ExecStart= and ExecStop= setting. Refusing.
 8월 30 03:59:40 kubernetes-worker-2.novalocal systemd[1]: [/usr/lib/systemd/system/docker.service:11] Executable path is not absolute, ignoring: dockerd daemon --tlsverify --tlscacer
 8월 30 03:59:29 kubernetes-worker-2.novalocal systemd[1]: docker.service lacks both ExecStart= and ExecStop= setting. Refusing.
 8월 30 03:59:29 kubernetes-worker-2.novalocal systemd[1]: [/usr/lib/systemd/system/docker.service:11] Executable path is not absolute, ignoring: dockerd daemon --tlsverify --tlscacer
 8월 30 03:58:40 kubernetes-worker-2.novalocal systemd[1]: docker.service lacks both ExecStart= and ExecStop= setting. Refusing.
 8월 30 03:58:40 kubernetes-worker-2.novalocal systemd[1]: [/usr/lib/systemd/system/docker.service:11] Executable path is not absolute, ignoring: dockerd daemon --tlsverify --tlscacer
~
~
~
~
~
~
~
~
~
~
~
~
~
~
~
~
~
~
~
~
~
~
~
~
~
~
~
~
~
~
~
~
~
~
~
~
~
lines 1-11/11 (END)

















































-- Logs begin at 화 2016-08-30 02:37:05 EDT, end at 화 2016-08-30 04:03:32 EDT. --
 8월 30 04:02:45 kubernetes-worker-2.novalocal systemd[1]: docker.service lacks both ExecStart= and ExecStop= setting. Refusing.
 8월 30 04:02:45 kubernetes-worker-2.novalocal systemd[1]: [/usr/lib/systemd/system/docker.service:11] Executable path is not absolute, ignoring: dockerd daemon --tlsverify --tlscacert=/home/cloud-
 8월 30 04:02:34 kubernetes-worker-2.novalocal systemd[1]: docker.service lacks both ExecStart= and ExecStop= setting. Refusing.
 8월 30 04:02:34 kubernetes-worker-2.novalocal systemd[1]: [/usr/lib/systemd/system/docker.service:11] Executable path is not absolute, ignoring: dockerd daemon --tlsverify --tlscacert=/home/cloud-
 8월 30 03:59:40 kubernetes-worker-2.novalocal systemd[1]: docker.service lacks both ExecStart= and ExecStop= setting. Refusing.
 8월 30 03:59:40 kubernetes-worker-2.novalocal systemd[1]: [/usr/lib/systemd/system/docker.service:11] Executable path is not absolute, ignoring: dockerd daemon --tlsverify --tlscacert=/home/cloud-
 8월 30 03:59:29 kubernetes-worker-2.novalocal systemd[1]: docker.service lacks both ExecStart= and ExecStop= setting. Refusing.
 8월 30 03:59:29 kubernetes-worker-2.novalocal systemd[1]: [/usr/lib/systemd/system/docker.service:11] Executable path is not absolute, ignoring: dockerd daemon --tlsverify --tlscacert=/home/cloud-
 8월 30 03:58:40 kubernetes-worker-2.novalocal systemd[1]: docker.service lacks both ExecStart= and ExecStop= setting. Refusing.
 8월 30 03:58:40 kubernetes-worker-2.novalocal systemd[1]: [/usr/lib/systemd/system/docker.service:11] Executable path is not absolute, ignoring: dockerd daemon --tlsverify --tlscacert=/home/cloud-
~
~
~
~
~
~
~
~
~
~
~
~
~
~
~
~
~
~
~
~
~
~
~
~
~
~
~
~
~
~
~
~
~
~
~
~
~
lines 1-11/11 (END)

















































-- Logs begin at 화 2016-08-30 02:37:05 EDT, end at 화 2016-08-30 04:03:32 EDT. --
 8월 30 04:02:45 kubernetes-worker-2.novalocal systemd[1]: docker.service lacks both ExecStart= and ExecStop= setting. Refusing.
 8월 30 04:02:45 kubernetes-worker-2.novalocal systemd[1]: [/usr/lib/systemd/system/docker.service:11] Executable path is not absolute, ignoring: dockerd daemon --tlsverify --tlscacert=/home/cloud-user/doc
 8월 30 04:02:34 kubernetes-worker-2.novalocal systemd[1]: docker.service lacks both ExecStart= and ExecStop= setting. Refusing.
 8월 30 04:02:34 kubernetes-worker-2.novalocal systemd[1]: [/usr/lib/systemd/system/docker.service:11] Executable path is not absolute, ignoring: dockerd daemon --tlsverify --tlscacert=/home/cloud-user/doc
 8월 30 03:59:40 kubernetes-worker-2.novalocal systemd[1]: docker.service lacks both ExecStart= and ExecStop= setting. Refusing.
 8월 30 03:59:40 kubernetes-worker-2.novalocal systemd[1]: [/usr/lib/systemd/system/docker.service:11] Executable path is not absolute, ignoring: dockerd daemon --tlsverify --tlscacert=/home/cloud-user/doc
 8월 30 03:59:29 kubernetes-worker-2.novalocal systemd[1]: docker.service lacks both ExecStart= and ExecStop= setting. Refusing.
 8월 30 03:59:29 kubernetes-worker-2.novalocal systemd[1]: [/usr/lib/systemd/system/docker.service:11] Executable path is not absolute, ignoring: dockerd daemon --tlsverify --tlscacert=/home/cloud-user/doc
 8월 30 03:58:40 kubernetes-worker-2.novalocal systemd[1]: docker.service lacks both ExecStart= and ExecStop= setting. Refusing.
 8월 30 03:58:40 kubernetes-worker-2.novalocal systemd[1]: [/usr/lib/systemd/system/docker.service:11] Executable path is not absolute, ignoring: dockerd daemon --tlsverify --tlscacert=/home/cloud-user/doc
~
~
~
~
~
~
~
~
~
~
~
~
~
~
~
~
~
~
~
~
~
~
~
~
~
~
~
~
~
~
~
~
~
~
~
~
~
lines 1-11/11 (END)

















































-- Logs begin at 화 2016-08-30 02:37:05 EDT, end at 화 2016-08-30 04:03:32 EDT. --
 8월 30 04:02:45 kubernetes-worker-2.novalocal systemd[1]: docker.service lacks both ExecStart= and ExecStop= setting. Refusing.
 8월 30 04:02:45 kubernetes-worker-2.novalocal systemd[1]: [/usr/lib/systemd/system/docker.service:11] Executable path is not absolute, ignoring: dockerd daemon --tlsverify --tlscacert=/home/cloud-user/docker/ca.
 8월 30 04:02:34 kubernetes-worker-2.novalocal systemd[1]: docker.service lacks both ExecStart= and ExecStop= setting. Refusing.
 8월 30 04:02:34 kubernetes-worker-2.novalocal systemd[1]: [/usr/lib/systemd/system/docker.service:11] Executable path is not absolute, ignoring: dockerd daemon --tlsverify --tlscacert=/home/cloud-user/docker/ca.
 8월 30 03:59:40 kubernetes-worker-2.novalocal systemd[1]: docker.service lacks both ExecStart= and ExecStop= setting. Refusing.
 8월 30 03:59:40 kubernetes-worker-2.novalocal systemd[1]: [/usr/lib/systemd/system/docker.service:11] Executable path is not absolute, ignoring: dockerd daemon --tlsverify --tlscacert=/home/cloud-user/docker/ca.
 8월 30 03:59:29 kubernetes-worker-2.novalocal systemd[1]: docker.service lacks both ExecStart= and ExecStop= setting. Refusing.
 8월 30 03:59:29 kubernetes-worker-2.novalocal systemd[1]: [/usr/lib/systemd/system/docker.service:11] Executable path is not absolute, ignoring: dockerd daemon --tlsverify --tlscacert=/home/cloud-user/docker/ca.
 8월 30 03:58:40 kubernetes-worker-2.novalocal systemd[1]: docker.service lacks both ExecStart= and ExecStop= setting. Refusing.
 8월 30 03:58:40 kubernetes-worker-2.novalocal systemd[1]: [/usr/lib/systemd/system/docker.service:11] Executable path is not absolute, ignoring: dockerd daemon --tlsverify --tlscacert=/home/cloud-user/docker/ca.
~
~
~
~
~
~
~
~
~
~
~
~
~
~
~
~
~
~
~
~
~
~
~
~
~
~
~
~
~
~
~
~
~
~
~
~
~
lines 1-11/11 (END)

















































-- Logs begin at 화 2016-08-30 02:37:05 EDT, end at 화 2016-08-30 04:03:32 EDT. --
 8월 30 04:02:45 kubernetes-worker-2.novalocal systemd[1]: docker.service lacks both ExecStart= and ExecStop= setting. Refusing.
 8월 30 04:02:45 kubernetes-worker-2.novalocal systemd[1]: [/usr/lib/systemd/system/docker.service:11] Executable path is not absolute, ignoring: dockerd daemon --tlsverify --tlscacert=/home/cloud-user/docker/ca.pem -
 8월 30 04:02:34 kubernetes-worker-2.novalocal systemd[1]: docker.service lacks both ExecStart= and ExecStop= setting. Refusing.
 8월 30 04:02:34 kubernetes-worker-2.novalocal systemd[1]: [/usr/lib/systemd/system/docker.service:11] Executable path is not absolute, ignoring: dockerd daemon --tlsverify --tlscacert=/home/cloud-user/docker/ca.pem -
 8월 30 03:59:40 kubernetes-worker-2.novalocal systemd[1]: docker.service lacks both ExecStart= and ExecStop= setting. Refusing.
 8월 30 03:59:40 kubernetes-worker-2.novalocal systemd[1]: [/usr/lib/systemd/system/docker.service:11] Executable path is not absolute, ignoring: dockerd daemon --tlsverify --tlscacert=/home/cloud-user/docker/ca.pem -
 8월 30 03:59:29 kubernetes-worker-2.novalocal systemd[1]: docker.service lacks both ExecStart= and ExecStop= setting. Refusing.
 8월 30 03:59:29 kubernetes-worker-2.novalocal systemd[1]: [/usr/lib/systemd/system/docker.service:11] Executable path is not absolute, ignoring: dockerd daemon --tlsverify --tlscacert=/home/cloud-user/docker/ca.pem -
 8월 30 03:58:40 kubernetes-worker-2.novalocal systemd[1]: docker.service lacks both ExecStart= and ExecStop= setting. Refusing.
 8월 30 03:58:40 kubernetes-worker-2.novalocal systemd[1]: [/usr/lib/systemd/system/docker.service:11] Executable path is not absolute, ignoring: dockerd daemon --tlsverify --tlscacert=/home/cloud-user/docker/ca.pem -
~
~
~
~
~
~
~
~
~
~
~
~
~
~
~
~
~
~
~
~
~
~
~
~
~
~
~
~
~
~
~
~
~
~
~
~
~
lines 1-11/11 (END)

















































-- Logs begin at 화 2016-08-30 02:37:05 EDT, end at 화 2016-08-30 04:03:32 EDT. --
 8월 30 04:02:45 kubernetes-worker-2.novalocal systemd[1]: docker.service lacks both ExecStart= and ExecStop= setting. Refusing.
 8월 30 04:02:45 kubernetes-worker-2.novalocal systemd[1]: [/usr/lib/systemd/system/docker.service:11] Executable path is not absolute, ignoring: dockerd daemon --tlsverify --tlscacert=/home/cloud-user/docker/ca.pem --tl
 8월 30 04:02:34 kubernetes-worker-2.novalocal systemd[1]: docker.service lacks both ExecStart= and ExecStop= setting. Refusing.
 8월 30 04:02:34 kubernetes-worker-2.novalocal systemd[1]: [/usr/lib/systemd/system/docker.service:11] Executable path is not absolute, ignoring: dockerd daemon --tlsverify --tlscacert=/home/cloud-user/docker/ca.pem --tl
 8월 30 03:59:40 kubernetes-worker-2.novalocal systemd[1]: docker.service lacks both ExecStart= and ExecStop= setting. Refusing.
 8월 30 03:59:40 kubernetes-worker-2.novalocal systemd[1]: [/usr/lib/systemd/system/docker.service:11] Executable path is not absolute, ignoring: dockerd daemon --tlsverify --tlscacert=/home/cloud-user/docker/ca.pem --tl
 8월 30 03:59:29 kubernetes-worker-2.novalocal systemd[1]: docker.service lacks both ExecStart= and ExecStop= setting. Refusing.
 8월 30 03:59:29 kubernetes-worker-2.novalocal systemd[1]: [/usr/lib/systemd/system/docker.service:11] Executable path is not absolute, ignoring: dockerd daemon --tlsverify --tlscacert=/home/cloud-user/docker/ca.pem --tl
 8월 30 03:58:40 kubernetes-worker-2.novalocal systemd[1]: docker.service lacks both ExecStart= and ExecStop= setting. Refusing.
 8월 30 03:58:40 kubernetes-worker-2.novalocal systemd[1]: [/usr/lib/systemd/system/docker.service:11] Executable path is not absolute, ignoring: dockerd daemon --tlsverify --tlscacert=/home/cloud-user/docker/ca.pem --tl
~
~
~
~
~
~
~
~
~
~
~
~
~
~
~
~
~
~
~
~
~
~
~
~
~
~
~
~
~
~
~
~
~
~
~
~
~
lines 1-11/11 (END)

















































-- Logs begin at 화 2016-08-30 02:37:05 EDT, end at 화 2016-08-30 04:03:32 EDT. --
 8월 30 04:02:45 kubernetes-worker-2.novalocal systemd[1]: docker.service lacks both ExecStart= and ExecStop= setting. Refusing.
 8월 30 04:02:45 kubernetes-worker-2.novalocal systemd[1]: [/usr/lib/systemd/system/docker.service:11] Executable path is not absolute, ignoring: dockerd daemon --tlsverify --tlscacert=/home/cloud-user/docker/ca.pem --tlsce
 8월 30 04:02:34 kubernetes-worker-2.novalocal systemd[1]: docker.service lacks both ExecStart= and ExecStop= setting. Refusing.
 8월 30 04:02:34 kubernetes-worker-2.novalocal systemd[1]: [/usr/lib/systemd/system/docker.service:11] Executable path is not absolute, ignoring: dockerd daemon --tlsverify --tlscacert=/home/cloud-user/docker/ca.pem --tlsce
 8월 30 03:59:40 kubernetes-worker-2.novalocal systemd[1]: docker.service lacks both ExecStart= and ExecStop= setting. Refusing.
 8월 30 03:59:40 kubernetes-worker-2.novalocal systemd[1]: [/usr/lib/systemd/system/docker.service:11] Executable path is not absolute, ignoring: dockerd daemon --tlsverify --tlscacert=/home/cloud-user/docker/ca.pem --tlsce
 8월 30 03:59:29 kubernetes-worker-2.novalocal systemd[1]: docker.service lacks both ExecStart= and ExecStop= setting. Refusing.
 8월 30 03:59:29 kubernetes-worker-2.novalocal systemd[1]: [/usr/lib/systemd/system/docker.service:11] Executable path is not absolute, ignoring: dockerd daemon --tlsverify --tlscacert=/home/cloud-user/docker/ca.pem --tlsce
 8월 30 03:58:40 kubernetes-worker-2.novalocal systemd[1]: docker.service lacks both ExecStart= and ExecStop= setting. Refusing.
 8월 30 03:58:40 kubernetes-worker-2.novalocal systemd[1]: [/usr/lib/systemd/system/docker.service:11] Executable path is not absolute, ignoring: dockerd daemon --tlsverify --tlscacert=/home/cloud-user/docker/ca.pem --tlsce
~
~
~
~
~
~
~
~
~
~
~
~
~
~
~
~
~
~
~
~
~
~
~
~
~
~
~
~
~
~
~
~
~
~
~
~
~
lines 1-11/11 (END)

















































-- Logs begin at 화 2016-08-30 02:37:05 EDT, end at 화 2016-08-30 04:03:32 EDT. --
 8월 30 04:02:45 kubernetes-worker-2.novalocal systemd[1]: docker.service lacks both ExecStart= and ExecStop= setting. Refusing.
 8월 30 04:02:45 kubernetes-worker-2.novalocal systemd[1]: [/usr/lib/systemd/system/docker.service:11] Executable path is not absolute, ignoring: dockerd daemon --tlsverify --tlscacert=/home/cloud-user/docker/ca.pem --tlscert
 8월 30 04:02:34 kubernetes-worker-2.novalocal systemd[1]: docker.service lacks both ExecStart= and ExecStop= setting. Refusing.
 8월 30 04:02:34 kubernetes-worker-2.novalocal systemd[1]: [/usr/lib/systemd/system/docker.service:11] Executable path is not absolute, ignoring: dockerd daemon --tlsverify --tlscacert=/home/cloud-user/docker/ca.pem --tlscert
 8월 30 03:59:40 kubernetes-worker-2.novalocal systemd[1]: docker.service lacks both ExecStart= and ExecStop= setting. Refusing.
 8월 30 03:59:40 kubernetes-worker-2.novalocal systemd[1]: [/usr/lib/systemd/system/docker.service:11] Executable path is not absolute, ignoring: dockerd daemon --tlsverify --tlscacert=/home/cloud-user/docker/ca.pem --tlscert
 8월 30 03:59:29 kubernetes-worker-2.novalocal systemd[1]: docker.service lacks both ExecStart= and ExecStop= setting. Refusing.
 8월 30 03:59:29 kubernetes-worker-2.novalocal systemd[1]: [/usr/lib/systemd/system/docker.service:11] Executable path is not absolute, ignoring: dockerd daemon --tlsverify --tlscacert=/home/cloud-user/docker/ca.pem --tlscert
 8월 30 03:58:40 kubernetes-worker-2.novalocal systemd[1]: docker.service lacks both ExecStart= and ExecStop= setting. Refusing.
 8월 30 03:58:40 kubernetes-worker-2.novalocal systemd[1]: [/usr/lib/systemd/system/docker.service:11] Executable path is not absolute, ignoring: dockerd daemon --tlsverify --tlscacert=/home/cloud-user/docker/ca.pem --tlscert
~
~
~
~
~
~
~
~
~
~
~
~
~
~
~
~
~
~
~
~
~
~
~
~
~
~
~
~
~
~
~
~
~
~
~
~
~
lines 1-11/11 (END)

















































-- Logs begin at 화 2016-08-30 02:37:05 EDT, end at 화 2016-08-30 04:03:32 EDT. --
 8월 30 04:02:45 kubernetes-worker-2.novalocal systemd[1]: docker.service lacks both ExecStart= and ExecStop= setting. Refusing.
 8월 30 04:02:45 kubernetes-worker-2.novalocal systemd[1]: [/usr/lib/systemd/system/docker.service:11] Executable path is not absolute, ignoring: dockerd daemon --tlsverify --tlscacert=/home/cloud-user/docker/ca.pem --tlscert=/
 8월 30 04:02:34 kubernetes-worker-2.novalocal systemd[1]: docker.service lacks both ExecStart= and ExecStop= setting. Refusing.
 8월 30 04:02:34 kubernetes-worker-2.novalocal systemd[1]: [/usr/lib/systemd/system/docker.service:11] Executable path is not absolute, ignoring: dockerd daemon --tlsverify --tlscacert=/home/cloud-user/docker/ca.pem --tlscert=/
 8월 30 03:59:40 kubernetes-worker-2.novalocal systemd[1]: docker.service lacks both ExecStart= and ExecStop= setting. Refusing.
 8월 30 03:59:40 kubernetes-worker-2.novalocal systemd[1]: [/usr/lib/systemd/system/docker.service:11] Executable path is not absolute, ignoring: dockerd daemon --tlsverify --tlscacert=/home/cloud-user/docker/ca.pem --tlscert=/
 8월 30 03:59:29 kubernetes-worker-2.novalocal systemd[1]: docker.service lacks both ExecStart= and ExecStop= setting. Refusing.
 8월 30 03:59:29 kubernetes-worker-2.novalocal systemd[1]: [/usr/lib/systemd/system/docker.service:11] Executable path is not absolute, ignoring: dockerd daemon --tlsverify --tlscacert=/home/cloud-user/docker/ca.pem --tlscert=/
 8월 30 03:58:40 kubernetes-worker-2.novalocal systemd[1]: docker.service lacks both ExecStart= and ExecStop= setting. Refusing.
 8월 30 03:58:40 kubernetes-worker-2.novalocal systemd[1]: [/usr/lib/systemd/system/docker.service:11] Executable path is not absolute, ignoring: dockerd daemon --tlsverify --tlscacert=/home/cloud-user/docker/ca.pem --tlscert=/
~
~
~
~
~
~
~
~
~
~
~
~
~
~
~
~
~
~
~
~
~
~
~
~
~
~
~
~
~
~
~
~
~
~
~
~
~
lines 1-11/11 (END)

















































-- Logs begin at 화 2016-08-30 02:37:05 EDT, end at 화 2016-08-30 04:03:32 EDT. --
 8월 30 04:02:45 kubernetes-worker-2.novalocal systemd[1]: docker.service lacks both ExecStart= and ExecStop= setting. Refusing.
 8월 30 04:02:45 kubernetes-worker-2.novalocal systemd[1]: [/usr/lib/systemd/system/docker.service:11] Executable path is not absolute, ignoring: dockerd daemon --tlsverify --tlscacert=/home/cloud-user/docker/ca.pem --tlscert=/h
 8월 30 04:02:34 kubernetes-worker-2.novalocal systemd[1]: docker.service lacks both ExecStart= and ExecStop= setting. Refusing.
 8월 30 04:02:34 kubernetes-worker-2.novalocal systemd[1]: [/usr/lib/systemd/system/docker.service:11] Executable path is not absolute, ignoring: dockerd daemon --tlsverify --tlscacert=/home/cloud-user/docker/ca.pem --tlscert=/h
 8월 30 03:59:40 kubernetes-worker-2.novalocal systemd[1]: docker.service lacks both ExecStart= and ExecStop= setting. Refusing.
 8월 30 03:59:40 kubernetes-worker-2.novalocal systemd[1]: [/usr/lib/systemd/system/docker.service:11] Executable path is not absolute, ignoring: dockerd daemon --tlsverify --tlscacert=/home/cloud-user/docker/ca.pem --tlscert=/h
 8월 30 03:59:29 kubernetes-worker-2.novalocal systemd[1]: docker.service lacks both ExecStart= and ExecStop= setting. Refusing.
 8월 30 03:59:29 kubernetes-worker-2.novalocal systemd[1]: [/usr/lib/systemd/system/docker.service:11] Executable path is not absolute, ignoring: dockerd daemon --tlsverify --tlscacert=/home/cloud-user/docker/ca.pem --tlscert=/h
 8월 30 03:58:40 kubernetes-worker-2.novalocal systemd[1]: docker.service lacks both ExecStart= and ExecStop= setting. Refusing.
 8월 30 03:58:40 kubernetes-worker-2.novalocal systemd[1]: [/usr/lib/systemd/system/docker.service:11] Executable path is not absolute, ignoring: dockerd daemon --tlsverify --tlscacert=/home/cloud-user/docker/ca.pem --tlscert=/h
~
~
~
~
~
~
~
~
~
~
~
~
~
~
~
~
~
~
~
~
~
~
~
~
~
~
~
~
~
~
~
~
~
~
~
~
~
lines 1-11/11 (END)

















































-- Logs begin at 화 2016-08-30 02:37:05 EDT, end at 화 2016-08-30 04:03:32 EDT. --
 8월 30 04:02:45 kubernetes-worker-2.novalocal systemd[1]: docker.service lacks both ExecStart= and ExecStop= setting. Refusing.
 8월 30 04:02:45 kubernetes-worker-2.novalocal systemd[1]: [/usr/lib/systemd/system/docker.service:11] Executable path is not absolute, ignoring: dockerd daemon --tlsverify --tlscacert=/home/cloud-user/docker/ca.pem --tlscert=/ho
 8월 30 04:02:34 kubernetes-worker-2.novalocal systemd[1]: docker.service lacks both ExecStart= and ExecStop= setting. Refusing.
 8월 30 04:02:34 kubernetes-worker-2.novalocal systemd[1]: [/usr/lib/systemd/system/docker.service:11] Executable path is not absolute, ignoring: dockerd daemon --tlsverify --tlscacert=/home/cloud-user/docker/ca.pem --tlscert=/ho
 8월 30 03:59:40 kubernetes-worker-2.novalocal systemd[1]: docker.service lacks both ExecStart= and ExecStop= setting. Refusing.
 8월 30 03:59:40 kubernetes-worker-2.novalocal systemd[1]: [/usr/lib/systemd/system/docker.service:11] Executable path is not absolute, ignoring: dockerd daemon --tlsverify --tlscacert=/home/cloud-user/docker/ca.pem --tlscert=/ho
 8월 30 03:59:29 kubernetes-worker-2.novalocal systemd[1]: docker.service lacks both ExecStart= and ExecStop= setting. Refusing.
 8월 30 03:59:29 kubernetes-worker-2.novalocal systemd[1]: [/usr/lib/systemd/system/docker.service:11] Executable path is not absolute, ignoring: dockerd daemon --tlsverify --tlscacert=/home/cloud-user/docker/ca.pem --tlscert=/ho
 8월 30 03:58:40 kubernetes-worker-2.novalocal systemd[1]: docker.service lacks both ExecStart= and ExecStop= setting. Refusing.
 8월 30 03:58:40 kubernetes-worker-2.novalocal systemd[1]: [/usr/lib/systemd/system/docker.service:11] Executable path is not absolute, ignoring: dockerd daemon --tlsverify --tlscacert=/home/cloud-user/docker/ca.pem --tlscert=/ho
~
~
~
~
~
~
~
~
~
~
~
~
~
~
~
~
~
~
~
~
~
~
~
~
~
~
~
~
~
~
~
~
~
~
~
~
~
[cloud-user@kubernetes-worker-2 ~]$ sudo vi /usr/lib/systemd/system/docker.service 
[cloud-user@kubernetes-worker-2 ~]$ sudo systemctl daemon-reload
[cloud-user@kubernetes-worker-2 ~]$ sudo systemctl restart docker
Failed to restart docker.service: Unit docker.service failed to load: Invalid argument. See system logs and 'systemctl status docker.service' for details.
[cloud-user@kubernetes-worker-2 ~]$ sudo journalctl -r -u docker
-- Logs begin at 화 2016-08-30 02:37:05 EDT, end at 화 2016-08-30 04:04:49 EDT. --
 8월 30 04:04:45 kubernetes-worker-2.novalocal systemd[1]: docker.service lacks both ExecStart= and ExecStop= setting. Refusing.
 8월 30 04:04:45 kubernetes-worker-2.novalocal systemd[1]: [/usr/lib/systemd/system/docker.service:11] Executable path is not absolute, ignoring: dockerd --tlsverify --tlscacert=/home/cloud-user/docker/ca.pem --tlscert=/home/clou
 8월 30 04:02:45 kubernetes-worker-2.novalocal systemd[1]: docker.service lacks both ExecStart= and ExecStop= setting. Refusing.
 8월 30 04:02:45 kubernetes-worker-2.novalocal systemd[1]: [/usr/lib/systemd/system/docker.service:11] Executable path is not absolute, ignoring: dockerd daemon --tlsverify --tlscacert=/home/cloud-user/docker/ca.pem --tlscert=/ho
 8월 30 04:02:34 kubernetes-worker-2.novalocal systemd[1]: docker.service lacks both ExecStart= and ExecStop= setting. Refusing.
 8월 30 04:02:34 kubernetes-worker-2.novalocal systemd[1]: [/usr/lib/systemd/system/docker.service:11] Executable path is not absolute, ignoring: dockerd daemon --tlsverify --tlscacert=/home/cloud-user/docker/ca.pem --tlscert=/ho
 8월 30 03:59:40 kubernetes-worker-2.novalocal systemd[1]: docker.service lacks both ExecStart= and ExecStop= setting. Refusing.
 8월 30 03:59:40 kubernetes-worker-2.novalocal systemd[1]: [/usr/lib/systemd/system/docker.service:11] Executable path is not absolute, ignoring: dockerd daemon --tlsverify --tlscacert=/home/cloud-user/docker/ca.pem --tlscert=/ho
 8월 30 03:59:29 kubernetes-worker-2.novalocal systemd[1]: docker.service lacks both ExecStart= and ExecStop= setting. Refusing.
 8월 30 03:59:29 kubernetes-worker-2.novalocal systemd[1]: [/usr/lib/systemd/system/docker.service:11] Executable path is not absolute, ignoring: dockerd daemon --tlsverify --tlscacert=/home/cloud-user/docker/ca.pem --tlscert=/ho
 8월 30 03:58:40 kubernetes-worker-2.novalocal systemd[1]: docker.service lacks both ExecStart= and ExecStop= setting. Refusing.
 8월 30 03:58:40 kubernetes-worker-2.novalocal systemd[1]: [/usr/lib/systemd/system/docker.service:11] Executable path is not absolute, ignoring: dockerd daemon --tlsverify --tlscacert=/home/cloud-user/docker/ca.pem --tlscert=/ho
[cloud-user@kubernetes-worker-2 ~]$ !
[cloud-user@kubernetes-worker-2 ~]$ sudo vi /usr/lib/systemd/system/docker.service 
[cloud-user@kubernetes-worker-2 ~]$ 
[cloud-user@kubernetes-worker-2 ~]$ 
[cloud-user@kubernetes-worker-2 ~]$ ssh cloud-user@10.0.4.243
The authenticity of host '10.0.4.243 (10.0.4.243)' can't be established.
ECDSA key fingerprint is 45:5d:88:5c:d0:6c:be:f8:07:61:32:35:ba:e0:55:6b.
Are you sure you want to continue connecting (yes/no)? yes
Warning: Permanently added '10.0.4.243' (ECDSA) to the list of known hosts.
cloud-user@10.0.4.243's password: 
Last login: Tue Aug 30 02:37:44 2016 from 10.0.1.20
[cloud-user@kubernetes-worker-1 ~]$ sudo cat /usr/lib/systemd/system/docker.service 
[Unit]
Description=Docker Application Container Engine
Documentation=https://docs.docker.com
After=network.target

[Service]
Type=notify
# the default is not to use systemd for cgroups because the delegate issues still
# exists and systemd currently does not support the cgroup feature set required
# for containers run by docker
ExecStart=/usr/bin/dockerd --tlsverify --tlscacert=/home/cloud-user/docker/ca.pem --tlscert=/home/cloud-user/docker/server-cert.pem --tlskey=/home/cloud-user/docker/server-key.pem  -s overlay
ExecReload=/bin/kill -s HUP $MAINPID
# Having non-zero Limit*s causes performance problems due to accounting overhead
# in the kernel. We recommend using cgroups to do container-local accounting.
LimitNOFILE=infinity
LimitNPROC=infinity
LimitCORE=infinity
# Uncomment TasksMax if your systemd version supports it.
# Only systemd 226 and above support this version.
#TasksMax=infinity
TimeoutStartSec=0
# set delegate yes so that systemd does not reset the cgroups of docker containers
Delegate=yes
# kill only the docker process, not all processes in the cgroup
KillMode=process

[Install]
WantedBy=multi-user.target
[cloud-user@kubernetes-worker-1 ~]$ exit
logout
Connection to 10.0.4.243 closed.
[cloud-user@kubernetes-worker-2 ~]$ sudo vi /usr/lib/systemd/system/docker.service 
[cloud-user@kubernetes-worker-2 ~]$ sudo systemctl daemon-reload
[cloud-user@kubernetes-worker-2 ~]$ sudo systemctl restart docker
[cloud-user@kubernetes-worker-2 ~]$ docker ps
CONTAINER ID        IMAGE               COMMAND             CREATED             STATUS              PORTS               NAMES
[cloud-user@kubernetes-worker-2 ~]$ docker fun -d -p 5000:5000 --restart=always --name registry
docker: 'fun' is not a docker command.
See 'docker --help'.
[cloud-user@kubernetes-worker-2 ~]$ docker run -d -p 5000:5000 --restart=always --name registry
"docker run" requires at least 1 argument(s).
See 'docker run --help'.

Usage:  docker run [OPTIONS] IMAGE [COMMAND] [ARG...]

Run a command in a new container
[cloud-user@kubernetes-worker-2 ~]$ docker run -d -p 5000:5000 --restart=always --name registry \
> 
"docker run" requires at least 1 argument(s).
See 'docker run --help'.

Usage:  docker run [OPTIONS] IMAGE [COMMAND] [ARG...]

Run a command in a new container
[cloud-user@kubernetes-worker-2 ~]$ docker run -d -p 5000:5000 --restart=always --name registry
"docker run" requires at least 1 argument(s).
See 'docker run --help'.

Usage:  docker run [OPTIONS] IMAGE [COMMAND] [ARG...]

Run a command in a new container
[cloud-user@kubernetes-worker-2 ~]$ cd /etc/docker/
-bash: cd: /etc/docker/: 허가 거부
[cloud-user@kubernetes-worker-2 ~]$ sudo mkdir -p /etc/docker/certs.d/master:5000/
[cloud-user@kubernetes-worker-2 ~]$ ll
합계 4
drwxrwxr-x. 2 cloud-user cloud-user 4096  8월 30 03:48 docker
[cloud-user@kubernetes-worker-2 ~]$ ls -al
합계 28
drwx------. 5 cloud-user cloud-user 4096  8월 30 03:58 .
drwxr-xr-x. 3 root       root         23  8월 30 02:37 ..
-rw-------. 1 cloud-user cloud-user 2323  8월 30 03:58 .bash_history
-rw-r--r--. 1 cloud-user cloud-user   18  7월  8  2015 .bash_logout
-rw-r--r--. 1 cloud-user cloud-user  256  8월 30 03:58 .bash_profile
-rw-r--r--. 1 cloud-user cloud-user  231  7월  8  2015 .bashrc
drwxrwxr-x. 2 cloud-user cloud-user   48  8월 30 03:57 .docker
-rw-------. 1 cloud-user cloud-user 1024  8월 30 03:48 .rnd
drwx------. 2 cloud-user cloud-user   46  8월 30 04:05 .ssh
drwxrwxr-x. 2 cloud-user cloud-user 4096  8월 30 03:48 docker
[cloud-user@kubernetes-worker-2 ~]$ cd .docker
[cloud-user@kubernetes-worker-2 .docker]$ ll
합계 12
-r--r--r--. 1 cloud-user cloud-user 2122  8월 30 03:57 ca.pem
-r--r--r--. 1 cloud-user cloud-user 1874  8월 30 03:57 cert.pem
-r--------. 1 cloud-user cloud-user 3243  8월 30 03:57 key.pem
[cloud-user@kubernetes-worker-2 .docker]$ sudo cp ~/.docker/registry/domain.cert /etc/docker/certs.d/master:5000/ca.crt
[cloud-user@kubernetes-worker-2 .docker]$ sudo vi /etc/hosts
[cloud-user@kubernetes-worker-2 .docker]$ sudo systemctl restart docker
[cloud-user@kubernetes-worker-2 .docker]$ curl --cacert ~/.docker/registry/domain.cert https://master:5000/v2/_catalog
{"repositories":["ubuntu"]}
[cloud-user@kubernetes-worker-2 .docker]$ docker pull master:5000/ubuntu
Using default tag: latest
latest: Pulling from ubuntu
862a3e9af0ae: Pull complete 
6498e51874bf: Pull complete 
159ebdd1959b: Pull complete 
0fdbedd3771a: Pull complete 
7a1f7116d1e3: Pull complete 
Digest: sha256:4e55a1752a2030d7b43f32b1971f29862e822be9649b7dfe6b1806245d8a8fd4
Status: Downloaded newer image for master:5000/ubuntu:latest
[cloud-user@kubernetes-worker-2 .docker]$ docker ps
CONTAINER ID        IMAGE               COMMAND             CREATED             STATUS              PORTS               NAMES
[cloud-user@kubernetes-worker-2 .docker]$ 
  [복원됨 2016. 8. 31. 오전 8:54:53]
Last login: Wed Aug 31 08:54:48 on console
Restored session: 2016년 8월 30일 화요일 18시 05분 13초 KST
kimsy-iMac:~ kimsoyoun$ 
